Component: ARM Compiler 5.06 update 6 (build 750) Tool: armlink [4d35ed]

==============================================================================

Section Cross References

    bsp.o(i.SystemClock_Config) refers to ald_cmu.o(i.ald_cmu_clock_config) for ald_cmu_clock_config
    bsp.o(i.bsp_init) refers to utils.o(i.ald_cmu_init) for ald_cmu_init
    bsp.o(i.bsp_init) refers to bsp.o(i.SystemClock_Config) for SystemClock_Config
    bsp.o(i.bsp_init) refers to bsp_gpio.o(i.out_gpio_init) for out_gpio_init
    bsp.o(i.bsp_init) refers to bsp_key.o(i.bsp_initkey) for bsp_initkey
    bsp.o(i.bsp_init) refers to bsp_timer.o(i.bsp_init_timer) for bsp_init_timer
    bsp_gpio.o(i.out_gpio_init) refers to ald_gpio.o(i.ald_gpio_init) for ald_gpio_init
    bsp_gpio.o(i.out_gpio_init) refers to bsp_gpio.o(.constdata) for gpio_list
    bsp_gpio.o(i.toggle_pin) refers to ald_gpio.o(i.ald_gpio_toggle_pin) for ald_gpio_toggle_pin
    bsp_key.o(i.bsp_initkey) refers to ald_gpio.o(i.ald_gpio_init) for ald_gpio_init
    bsp_key.o(i.bsp_initkey) refers to ald_gpio.o(i.ald_gpio_exti_init) for ald_gpio_exti_init
    bsp_key.o(i.bsp_initkey) refers to ald_gpio.o(i.ald_gpio_exti_clear_flag_status) for ald_gpio_exti_clear_flag_status
    bsp_key.o(i.bsp_initkey) refers to ald_gpio.o(i.ald_gpio_exti_interrupt_config) for ald_gpio_exti_interrupt_config
    bsp_key.o(i.bsp_initkey) refers to utils.o(i.ald_mcu_irq_config) for ald_mcu_irq_config
    bsp_timer.o(i.SysTick_Handler) refers to utils.o(i.ald_inc_tick) for ald_inc_tick
    bsp_timer.o(i.SysTick_Handler) refers to bsp_timer.o(i.SysTick_ISR) for SysTick_ISR
    bsp_timer.o(i.SysTick_ISR) refers to bsp_timer.o(i.bsp_softtimerdec) for bsp_softtimerdec
    bsp_timer.o(i.SysTick_ISR) refers to bsp.o(i.bsp_RunPer1ms) for bsp_RunPer1ms
    bsp_timer.o(i.SysTick_ISR) refers to bsp.o(i.bsp_RunPer10ms) for bsp_RunPer10ms
    bsp_timer.o(i.SysTick_ISR) refers to bsp_timer.o(.data) for delaycnt
    bsp_timer.o(i.SysTick_ISR) refers to bsp_timer.o(.bss) for s_tmr
    bsp_timer.o(i.bsp_checkruntime) refers to bsp_timer.o(i.__set_PRIMASK) for __set_PRIMASK
    bsp_timer.o(i.bsp_checkruntime) refers to bsp_timer.o(.data) for getruntime
    bsp_timer.o(i.bsp_checktimer) refers to bsp_timer.o(.bss) for s_tmr
    bsp_timer.o(i.bsp_delayms) refers to bsp_timer.o(i.__set_PRIMASK) for __set_PRIMASK
    bsp_timer.o(i.bsp_delayms) refers to bsp.o(i.bsp_idle) for bsp_idle
    bsp_timer.o(i.bsp_delayms) refers to bsp_timer.o(.data) for delaycnt
    bsp_timer.o(i.bsp_delayus) refers to ald_cmu.o(i.ald_cmu_get_sys_clock) for ald_cmu_get_sys_clock
    bsp_timer.o(i.bsp_delayus) refers to aeabi_sdiv.o(.text) for __aeabi_uidivmod
    bsp_timer.o(i.bsp_getruntime) refers to bsp_timer.o(i.__set_PRIMASK) for __set_PRIMASK
    bsp_timer.o(i.bsp_getruntime) refers to bsp_timer.o(.data) for getruntime
    bsp_timer.o(i.bsp_init_timer) refers to ald_cmu.o(i.ald_cmu_get_sys_clock) for ald_cmu_get_sys_clock
    bsp_timer.o(i.bsp_init_timer) refers to aeabi_sdiv.o(.text) for __aeabi_uidivmod
    bsp_timer.o(i.bsp_init_timer) refers to bsp_timer.o(i.__NVIC_SetPriority) for __NVIC_SetPriority
    bsp_timer.o(i.bsp_init_timer) refers to bsp_timer.o(.bss) for s_tmr
    bsp_timer.o(i.bsp_init_timer) refers to bsp_timer.o(.data) for enablesystickisr
    bsp_timer.o(i.bsp_start_autotimer) refers to bsp_timer.o(i.__set_PRIMASK) for __set_PRIMASK
    bsp_timer.o(i.bsp_start_autotimer) refers to bsp_timer.o(.bss) for s_tmr
    bsp_timer.o(i.bsp_start_timer) refers to bsp_timer.o(i.__set_PRIMASK) for __set_PRIMASK
    bsp_timer.o(i.bsp_start_timer) refers to bsp_timer.o(.bss) for s_tmr
    bsp_timer.o(i.bsp_stop_timer) refers to bsp_timer.o(i.__set_PRIMASK) for __set_PRIMASK
    bsp_timer.o(i.bsp_stop_timer) refers to bsp_timer.o(.bss) for s_tmr
    ald_cmu.o(i.ald_cmu_clock_config) refers to ald_cmu.o(i.__ARM_common_switch8) for __ARM_common_switch8
    ald_cmu.o(i.ald_cmu_clock_config) refers to ald_cmu.o(i.cmu_clock_update) for cmu_clock_update
    ald_cmu.o(i.ald_cmu_clock_config) refers to aeabi_sdiv.o(.text) for __aeabi_uidivmod
    ald_cmu.o(i.ald_cmu_div_config) refers to utils.o(i.ald_tick_init) for ald_tick_init
    ald_cmu.o(i.ald_cmu_div_config) refers to ald_cmu.o(.data) for __system_clock
    ald_cmu.o(i.ald_cmu_get_clock) refers to ald_cmu.o(.data) for __system_clock
    ald_cmu.o(i.ald_cmu_get_hclk1_clock) refers to ald_cmu.o(.data) for __system_clock
    ald_cmu.o(i.ald_cmu_get_pclk1_clock) refers to ald_cmu.o(.data) for __system_clock
    ald_cmu.o(i.ald_cmu_get_pclk2_clock) refers to ald_cmu.o(.data) for __system_clock
    ald_cmu.o(i.ald_cmu_get_sys_clock) refers to ald_cmu.o(.data) for __system_clock
    ald_cmu.o(i.ald_cmu_hosc_safe_config) refers to utils.o(i.ald_mcu_irq_config) for ald_mcu_irq_config
    ald_cmu.o(i.ald_cmu_irq_handler) refers to ald_cmu.o(i.cmu_clock_update) for cmu_clock_update
    ald_cmu.o(i.ald_cmu_irq_handler) refers to ald_cmu.o(i.ald_cmu_irq_cbk) for ald_cmu_irq_cbk
    ald_cmu.o(i.ald_cmu_losc_safe_config) refers to utils.o(i.ald_mcu_irq_config) for ald_mcu_irq_config
    ald_cmu.o(i.ald_cmu_pll_safe_config) refers to utils.o(i.ald_mcu_irq_config) for ald_mcu_irq_config
    ald_cmu.o(i.cmu_clock_update) refers to utils.o(i.ald_tick_init) for ald_tick_init
    ald_cmu.o(i.cmu_clock_update) refers to ald_cmu.o(.data) for __system_clock
    ald_gpio.o(i.ald_gpio_init_default) refers to ald_gpio.o(i.ald_gpio_init) for ald_gpio_init
    utils.o(i.SysTick_Config) refers to utils.o(i.__NVIC_SetPriority) for __NVIC_SetPriority
    utils.o(i.ald_cmu_init) refers to ald_cmu.o(i.ald_cmu_clock_config_default) for ald_cmu_clock_config_default
    utils.o(i.ald_cmu_init) refers to utils.o(i.ald_tick_init) for ald_tick_init
    utils.o(i.ald_delay_ms) refers to aeabi_sdiv.o(.text) for __aeabi_uidivmod
    utils.o(i.ald_delay_ms) refers to utils.o(i.ald_get_tick) for ald_get_tick
    utils.o(i.ald_delay_ms) refers to utils.o(.data) for __systick_interval
    utils.o(i.ald_get_tick) refers to utils.o(.data) for lib_tick
    utils.o(i.ald_inc_tick) refers to utils.o(i.ald_inc_tick_weak) for ald_inc_tick_weak
    utils.o(i.ald_inc_tick) refers to utils.o(i.ald_systick_irq_cbk) for ald_systick_irq_cbk
    utils.o(i.ald_inc_tick_weak) refers to utils.o(.data) for lib_tick
    utils.o(i.ald_mcu_irq_config) refers to utils.o(i.__NVIC_SetPriority) for __NVIC_SetPriority
    utils.o(i.ald_systick_interval_select) refers to ald_cmu.o(i.ald_cmu_get_sys_clock) for ald_cmu_get_sys_clock
    utils.o(i.ald_systick_interval_select) refers to aeabi_sdiv.o(.text) for __aeabi_uidivmod
    utils.o(i.ald_systick_interval_select) refers to utils.o(i.SysTick_Config) for SysTick_Config
    utils.o(i.ald_systick_interval_select) refers to utils.o(.data) for __systick_interval
    utils.o(i.ald_tick_init) refers to ald_cmu.o(i.ald_cmu_get_sys_clock) for ald_cmu_get_sys_clock
    utils.o(i.ald_tick_init) refers to aeabi_sdiv.o(.text) for __aeabi_uidivmod
    utils.o(i.ald_tick_init) refers to utils.o(i.SysTick_Config) for SysTick_Config
    utils.o(i.ald_tick_init) refers to utils.o(i.__NVIC_SetPriority) for __NVIC_SetPriority
    utils.o(i.ald_wait_flag) refers to utils.o(i.ald_get_tick) for ald_get_tick
    main_1.o(i.main) refers to bsp.o(i.bsp_init) for bsp_init
    irq.o(i.CMU_Handler) refers to ald_cmu.o(i.ald_cmu_irq_handler) for ald_cmu_irq_handler
    irq.o(i.EXTI0_3_Handler) refers to ald_gpio.o(i.ald_gpio_exti_get_flag_status) for ald_gpio_exti_get_flag_status
    irq.o(i.EXTI0_3_Handler) refers to ald_gpio.o(i.ald_gpio_exti_clear_flag_status) for ald_gpio_exti_clear_flag_status
    irq.o(i.EXTI0_3_Handler) refers to bsp_gpio.o(i.toggle_pin) for toggle_pin
    startup_es32f065x.o(STACK) refers (Special) to heapauxi.o(.text) for __use_two_region_memory
    startup_es32f065x.o(HEAP) refers (Special) to heapauxi.o(.text) for __use_two_region_memory
    startup_es32f065x.o(RESET) refers (Special) to heapauxi.o(.text) for __use_two_region_memory
    startup_es32f065x.o(RESET) refers to startup_es32f065x.o(STACK) for __initial_sp
    startup_es32f065x.o(RESET) refers to startup_es32f065x.o(INT) for Reset_Handler
    startup_es32f065x.o(RESET) refers to irq.o(i.NMI_Handler) for NMI_Handler
    startup_es32f065x.o(RESET) refers to irq.o(i.HardFault_Handler) for HardFault_Handler
    startup_es32f065x.o(RESET) refers to irq.o(i.SVC_Handler) for SVC_Handler
    startup_es32f065x.o(RESET) refers to irq.o(i.DebugMon_Handler) for DebugMon_Handler
    startup_es32f065x.o(RESET) refers to irq.o(i.PendSV_Handler) for PendSV_Handler
    startup_es32f065x.o(RESET) refers to bsp_timer.o(i.SysTick_Handler) for SysTick_Handler
    startup_es32f065x.o(RESET) refers to irq.o(i.CMU_Handler) for CMU_Handler
    startup_es32f065x.o(RESET) refers to irq.o(i.EXTI0_3_Handler) for EXTI0_3_Handler
    startup_es32f065x.o(INT) refers (Special) to heapauxi.o(.text) for __use_two_region_memory
    startup_es32f065x.o(INT) refers to __main.o(!!!main) for __main
    startup_es32f065x.o(INT) refers to startup_es32f065x.o(HEAP) for Heap_Mem
    startup_es32f065x.o(INT) refers to startup_es32f065x.o(STACK) for Stack_Mem
    __main.o(!!!main) refers to __rtentry.o(.ARM.Collect$$rtentry$$00000000) for __rt_entry
    __rtentry.o(.ARM.Collect$$rtentry$$00000000) refers (Special) to __rtentry2.o(.ARM.Collect$$rtentry$$0000000A) for __rt_entry_li
    __rtentry.o(.ARM.Collect$$rtentry$$00000000) refers (Special) to __rtentry2.o(.ARM.Collect$$rtentry$$0000000D) for __rt_entry_main
    __rtentry.o(.ARM.Collect$$rtentry$$00000000) refers (Special) to __rtentry2.o(.ARM.Collect$$rtentry$$0000000C) for __rt_entry_postli_1
    __rtentry.o(.ARM.Collect$$rtentry$$00000000) refers (Special) to __rtentry2.o(.ARM.Collect$$rtentry$$00000009) for __rt_entry_postsh_1
    __rtentry.o(.ARM.Collect$$rtentry$$00000000) refers (Special) to __rtentry2.o(.ARM.Collect$$rtentry$$00000002) for __rt_entry_presh_1
    __rtentry.o(.ARM.Collect$$rtentry$$00000000) refers (Special) to __rtentry4.o(.ARM.Collect$$rtentry$$00000004) for __rt_entry_sh
    aeabi_idiv0_sigfpe.o(.text) refers to rt_div0.o(.text) for __rt_div0
    __rtentry2.o(.ARM.Collect$$rtentry$$00000008) refers to boardinit2.o(.text) for _platform_post_stackheap_init
    __rtentry2.o(.ARM.Collect$$rtentry$$0000000A) refers to libinit.o(.ARM.Collect$$libinit$$00000000) for __rt_lib_init
    __rtentry2.o(.ARM.Collect$$rtentry$$0000000B) refers to boardinit3.o(.text) for _platform_post_lib_init
    __rtentry2.o(.ARM.Collect$$rtentry$$0000000D) refers to main_1.o(i.main) for main
    __rtentry2.o(.ARM.Collect$$rtentry$$0000000D) refers to exit.o(.text) for exit
    __rtentry2.o(.ARM.exidx) refers to __rtentry2.o(.ARM.Collect$$rtentry$$00000001) for .ARM.Collect$$rtentry$$00000001
    __rtentry2.o(.ARM.exidx) refers to __rtentry2.o(.ARM.Collect$$rtentry$$00000008) for .ARM.Collect$$rtentry$$00000008
    __rtentry2.o(.ARM.exidx) refers to __rtentry2.o(.ARM.Collect$$rtentry$$0000000A) for .ARM.Collect$$rtentry$$0000000A
    __rtentry2.o(.ARM.exidx) refers to __rtentry2.o(.ARM.Collect$$rtentry$$0000000B) for .ARM.Collect$$rtentry$$0000000B
    __rtentry2.o(.ARM.exidx) refers to __rtentry2.o(.ARM.Collect$$rtentry$$0000000D) for .ARM.Collect$$rtentry$$0000000D
    __rtentry4.o(.ARM.Collect$$rtentry$$00000004) refers to sys_stackheap_outer.o(.text) for __user_setup_stackheap
    __rtentry4.o(.ARM.exidx) refers to __rtentry4.o(.ARM.Collect$$rtentry$$00000004) for .ARM.Collect$$rtentry$$00000004
    rt_div0.o(.text) refers to defsig_fpe_outer.o(.text) for __rt_SIGFPE
    sys_stackheap_outer.o(.text) refers to libspace.o(.text) for __user_perproc_libspace
    sys_stackheap_outer.o(.text) refers to startup_es32f065x.o(INT) for __user_initial_stackheap
    sys_stackheap_outer.o(__vectab_stack_and_reset_area) refers to tempstk.o(.text) for __temporary_stack_top
    sys_stackheap_outer.o(__vectab_stack_and_reset_area) refers to __main.o(!!!main) for __main
    exit.o(.text) refers to rtexit.o(.ARM.Collect$$rtexit$$00000000) for __rt_exit
    defsig_fpe_outer.o(.text) refers to defsig_fpe_inner.o(.text) for __rt_SIGFPE_inner
    defsig_fpe_outer.o(.text) refers to defsig_exit.o(.text) for __sig_exit
    defsig_fpe_formal.o(.text) refers to rt_raise.o(.text) for __rt_raise
    libinit.o(.ARM.Collect$$libinit$$00000000) refers (Special) to libinit2.o(.ARM.Collect$$libinit$$0000002E) for __rt_lib_init_alloca_1
    libinit.o(.ARM.Collect$$libinit$$00000000) refers (Special) to libinit2.o(.ARM.Collect$$libinit$$0000002C) for __rt_lib_init_argv_1
    libinit.o(.ARM.Collect$$libinit$$00000000) refers (Special) to libinit2.o(.ARM.Collect$$libinit$$0000001B) for __rt_lib_init_atexit_1
    libinit.o(.ARM.Collect$$libinit$$00000000) refers (Special) to libinit2.o(.ARM.Collect$$libinit$$00000021) for __rt_lib_init_clock_1
    libinit.o(.ARM.Collect$$libinit$$00000000) refers (Special) to libinit2.o(.ARM.Collect$$libinit$$00000032) for __rt_lib_init_cpp_1
    libinit.o(.ARM.Collect$$libinit$$00000000) refers (Special) to libinit2.o(.ARM.Collect$$libinit$$00000030) for __rt_lib_init_exceptions_1
    libinit.o(.ARM.Collect$$libinit$$00000000) refers (Special) to libinit2.o(.ARM.Collect$$libinit$$00000002) for __rt_lib_init_fp_1
    libinit.o(.ARM.Collect$$libinit$$00000000) refers (Special) to libinit2.o(.ARM.Collect$$libinit$$0000001F) for __rt_lib_init_fp_trap_1
    libinit.o(.ARM.Collect$$libinit$$00000000) refers (Special) to libinit2.o(.ARM.Collect$$libinit$$00000023) for __rt_lib_init_getenv_1
    libinit.o(.ARM.Collect$$libinit$$00000000) refers (Special) to libinit2.o(.ARM.Collect$$libinit$$0000000A) for __rt_lib_init_heap_1
    libinit.o(.ARM.Collect$$libinit$$00000000) refers (Special) to libinit2.o(.ARM.Collect$$libinit$$00000011) for __rt_lib_init_lc_collate_1
    libinit.o(.ARM.Collect$$libinit$$00000000) refers (Special) to libinit2.o(.ARM.Collect$$libinit$$00000013) for __rt_lib_init_lc_ctype_1
    libinit.o(.ARM.Collect$$libinit$$00000000) refers (Special) to libinit2.o(.ARM.Collect$$libinit$$00000015) for __rt_lib_init_lc_monetary_1
    libinit.o(.ARM.Collect$$libinit$$00000000) refers (Special) to libinit2.o(.ARM.Collect$$libinit$$00000017) for __rt_lib_init_lc_numeric_1
    libinit.o(.ARM.Collect$$libinit$$00000000) refers (Special) to libinit2.o(.ARM.Collect$$libinit$$00000019) for __rt_lib_init_lc_time_1
    libinit.o(.ARM.Collect$$libinit$$00000000) refers (Special) to libinit2.o(.ARM.Collect$$libinit$$00000004) for __rt_lib_init_preinit_1
    libinit.o(.ARM.Collect$$libinit$$00000000) refers (Special) to libinit2.o(.ARM.Collect$$libinit$$0000000E) for __rt_lib_init_rand_1
    libinit.o(.ARM.Collect$$libinit$$00000000) refers (Special) to libinit2.o(.ARM.Collect$$libinit$$00000033) for __rt_lib_init_return
    libinit.o(.ARM.Collect$$libinit$$00000000) refers (Special) to libinit2.o(.ARM.Collect$$libinit$$0000001D) for __rt_lib_init_signal_1
    libinit.o(.ARM.Collect$$libinit$$00000000) refers (Special) to libinit2.o(.ARM.Collect$$libinit$$00000025) for __rt_lib_init_stdio_1
    libinit.o(.ARM.Collect$$libinit$$00000000) refers (Special) to libinit2.o(.ARM.Collect$$libinit$$0000000C) for __rt_lib_init_user_alloc_1
    libspace.o(.text) refers to libspace.o(.bss) for __libspace_start
    rtexit.o(.ARM.Collect$$rtexit$$00000000) refers (Special) to rtexit2.o(.ARM.Collect$$rtexit$$00000004) for __rt_exit_exit
    rtexit.o(.ARM.Collect$$rtexit$$00000000) refers (Special) to rtexit2.o(.ARM.Collect$$rtexit$$00000003) for __rt_exit_ls
    rtexit.o(.ARM.Collect$$rtexit$$00000000) refers (Special) to rtexit2.o(.ARM.Collect$$rtexit$$00000002) for __rt_exit_prels_1
    rtexit.o(.ARM.exidx) refers (Special) to rtexit2.o(.ARM.Collect$$rtexit$$00000004) for __rt_exit_exit
    rtexit.o(.ARM.exidx) refers (Special) to rtexit2.o(.ARM.Collect$$rtexit$$00000003) for __rt_exit_ls
    rtexit.o(.ARM.exidx) refers (Special) to rtexit2.o(.ARM.Collect$$rtexit$$00000002) for __rt_exit_prels_1
    rtexit.o(.ARM.exidx) refers to rtexit.o(.ARM.Collect$$rtexit$$00000000) for .ARM.Collect$$rtexit$$00000000
    rt_raise.o(.text) refers to __raise.o(.text) for __raise
    rt_raise.o(.text) refers to sys_exit.o(.text) for _sys_exit
    defsig_exit.o(.text) refers to sys_exit.o(.text) for _sys_exit
    defsig_fpe_inner.o(.text) refers to defsig_general.o(.text) for __default_signal_display
    libinit2.o(.ARM.Collect$$libinit$$00000010) refers to libinit2.o(.ARM.Collect$$libinit$$0000000F) for .ARM.Collect$$libinit$$0000000F
    libinit2.o(.ARM.Collect$$libinit$$00000012) refers to libinit2.o(.ARM.Collect$$libinit$$0000000F) for .ARM.Collect$$libinit$$0000000F
    libinit2.o(.ARM.Collect$$libinit$$00000014) refers to libinit2.o(.ARM.Collect$$libinit$$0000000F) for .ARM.Collect$$libinit$$0000000F
    libinit2.o(.ARM.Collect$$libinit$$00000016) refers to libinit2.o(.ARM.Collect$$libinit$$0000000F) for .ARM.Collect$$libinit$$0000000F
    libinit2.o(.ARM.Collect$$libinit$$00000018) refers to libinit2.o(.ARM.Collect$$libinit$$0000000F) for .ARM.Collect$$libinit$$0000000F
    libinit2.o(.ARM.Collect$$libinit$$00000026) refers to argv_veneer.o(.text) for __ARM_argv_veneer
    libinit2.o(.ARM.Collect$$libinit$$00000027) refers to argv_veneer.o(.text) for __ARM_argv_veneer
    sys_exit.o(.text) refers (Special) to use_no_semi.o(.text) for __I$use$semihosting
    sys_exit.o(.text) refers (Special) to indicate_semi.o(.text) for __semihosting_library_function
    rtexit2.o(.ARM.Collect$$rtexit$$00000003) refers to libshutdown.o(.ARM.Collect$$libshutdown$$00000000) for __rt_lib_shutdown
    rtexit2.o(.ARM.Collect$$rtexit$$00000004) refers to sys_exit.o(.text) for _sys_exit
    rtexit2.o(.ARM.exidx) refers to rtexit2.o(.ARM.Collect$$rtexit$$00000001) for .ARM.Collect$$rtexit$$00000001
    rtexit2.o(.ARM.exidx) refers to rtexit2.o(.ARM.Collect$$rtexit$$00000003) for .ARM.Collect$$rtexit$$00000003
    rtexit2.o(.ARM.exidx) refers to rtexit2.o(.ARM.Collect$$rtexit$$00000004) for .ARM.Collect$$rtexit$$00000004
    __raise.o(.text) refers to defsig.o(CL$$defsig) for __default_signal_handler
    defsig_general.o(.text) refers to sys_wrch.o(.text) for _ttywrch
    sys_wrch.o(.text) refers (Special) to use_no_semi.o(.text) for __I$use$semihosting
    sys_wrch.o(.text) refers (Special) to indicate_semi.o(.text) for __semihosting_library_function
    defsig.o(CL$$defsig) refers to defsig_fpe_inner.o(.text) for __rt_SIGFPE_inner
    defsig.o(CL$$defsig) refers to defsig_rtmem_inner.o(.text) for __rt_SIGRTMEM_inner
    _get_argv_nomalloc.o(.text) refers (Special) to hrguard.o(.text) for __heap_region$guard
    _get_argv_nomalloc.o(.text) refers to defsig_rtmem_outer.o(.text) for __rt_SIGRTMEM
    _get_argv_nomalloc.o(.text) refers to sys_command.o(.text) for _sys_command_string
    libshutdown.o(.ARM.Collect$$libshutdown$$00000000) refers (Special) to libshutdown2.o(.ARM.Collect$$libshutdown$$00000002) for __rt_lib_shutdown_cpp_1
    libshutdown.o(.ARM.Collect$$libshutdown$$00000000) refers (Special) to libshutdown2.o(.ARM.Collect$$libshutdown$$00000007) for __rt_lib_shutdown_fp_trap_1
    libshutdown.o(.ARM.Collect$$libshutdown$$00000000) refers (Special) to libshutdown2.o(.ARM.Collect$$libshutdown$$0000000F) for __rt_lib_shutdown_heap_1
    libshutdown.o(.ARM.Collect$$libshutdown$$00000000) refers (Special) to libshutdown2.o(.ARM.Collect$$libshutdown$$00000010) for __rt_lib_shutdown_return
    libshutdown.o(.ARM.Collect$$libshutdown$$00000000) refers (Special) to libshutdown2.o(.ARM.Collect$$libshutdown$$0000000A) for __rt_lib_shutdown_signal_1
    libshutdown.o(.ARM.Collect$$libshutdown$$00000000) refers (Special) to libshutdown2.o(.ARM.Collect$$libshutdown$$00000004) for __rt_lib_shutdown_stdio_1
    libshutdown.o(.ARM.Collect$$libshutdown$$00000000) refers (Special) to libshutdown2.o(.ARM.Collect$$libshutdown$$0000000C) for __rt_lib_shutdown_user_alloc_1
    sys_command.o(.text) refers (Special) to use_no_semi.o(.text) for __I$use$semihosting
    sys_command.o(.text) refers (Special) to indicate_semi.o(.text) for __semihosting_library_function
    defsig_abrt_inner.o(.text) refers to defsig_general.o(.text) for __default_signal_display
    defsig_rtred_inner.o(.text) refers to defsig_general.o(.text) for __default_signal_display
    defsig_rtmem_inner.o(.text) refers to defsig_general.o(.text) for __default_signal_display
    defsig_rtmem_outer.o(.text) refers to defsig_rtmem_inner.o(.text) for __rt_SIGRTMEM_inner
    defsig_rtmem_outer.o(.text) refers to defsig_exit.o(.text) for __sig_exit
    defsig_rtmem_formal.o(.text) refers to rt_raise.o(.text) for __rt_raise
    defsig_stak_inner.o(.text) refers to defsig_general.o(.text) for __default_signal_display
    defsig_pvfn_inner.o(.text) refers to defsig_general.o(.text) for __default_signal_display
    defsig_cppl_inner.o(.text) refers to defsig_general.o(.text) for __default_signal_display
    defsig_segv_inner.o(.text) refers to defsig_general.o(.text) for __default_signal_display
    defsig_other.o(.text) refers to defsig_general.o(.text) for __default_signal_display


==============================================================================

Removing Unused input sections from the image.

    Removing bsp.o(.rev16_text), (4 bytes).
    Removing bsp.o(.revsh_text), (4 bytes).
    Removing bsp.o(i.bsp_idle), (2 bytes).
    Removing bsp_gpio.o(.rev16_text), (4 bytes).
    Removing bsp_gpio.o(.revsh_text), (4 bytes).
    Removing bsp_gpio.o(i.set_pin_high), (8 bytes).
    Removing bsp_gpio.o(i.set_pin_low), (10 bytes).
    Removing bsp_key.o(.rev16_text), (4 bytes).
    Removing bsp_key.o(.revsh_text), (4 bytes).
    Removing bsp_timer.o(.rev16_text), (4 bytes).
    Removing bsp_timer.o(.revsh_text), (4 bytes).
    Removing bsp_timer.o(i.__set_PRIMASK), (6 bytes).
    Removing bsp_timer.o(i.bsp_checkruntime), (48 bytes).
    Removing bsp_timer.o(i.bsp_checktimer), (48 bytes).
    Removing bsp_timer.o(i.bsp_delayms), (68 bytes).
    Removing bsp_timer.o(i.bsp_delayus), (88 bytes).
    Removing bsp_timer.o(i.bsp_getruntime), (28 bytes).
    Removing bsp_timer.o(i.bsp_start_autotimer), (72 bytes).
    Removing bsp_timer.o(i.bsp_start_timer), (68 bytes).
    Removing bsp_timer.o(i.bsp_stop_timer), (56 bytes).
    Removing ald_acmp.o(.rev16_text), (4 bytes).
    Removing ald_acmp.o(.revsh_text), (4 bytes).
    Removing ald_adc.o(.rev16_text), (4 bytes).
    Removing ald_adc.o(.revsh_text), (4 bytes).
    Removing ald_bkpc.o(.rev16_text), (4 bytes).
    Removing ald_bkpc.o(.revsh_text), (4 bytes).
    Removing ald_calc.o(.rev16_text), (4 bytes).
    Removing ald_calc.o(.revsh_text), (4 bytes).
    Removing ald_can.o(.rev16_text), (4 bytes).
    Removing ald_can.o(.revsh_text), (4 bytes).
    Removing ald_cmu.o(.rev16_text), (4 bytes).
    Removing ald_cmu.o(.revsh_text), (4 bytes).
    Removing ald_cmu.o(i.ald_cmu_auto_calib_clock), (184 bytes).
    Removing ald_cmu.o(i.ald_cmu_buzz_config), (92 bytes).
    Removing ald_cmu.o(i.ald_cmu_div_config), (176 bytes).
    Removing ald_cmu.o(i.ald_cmu_get_clock), (12 bytes).
    Removing ald_cmu.o(i.ald_cmu_get_clock_state), (24 bytes).
    Removing ald_cmu.o(i.ald_cmu_get_hclk1_clock), (40 bytes).
    Removing ald_cmu.o(i.ald_cmu_get_pclk1_clock), (40 bytes).
    Removing ald_cmu.o(i.ald_cmu_get_pclk2_clock), (40 bytes).
    Removing ald_cmu.o(i.ald_cmu_hosc_safe_config), (168 bytes).
    Removing ald_cmu.o(i.ald_cmu_lcd_clock_select), (44 bytes).
    Removing ald_cmu.o(i.ald_cmu_losc_safe_config), (148 bytes).
    Removing ald_cmu.o(i.ald_cmu_lptim0_clock_select), (40 bytes).
    Removing ald_cmu.o(i.ald_cmu_lpuart0_clock_select), (44 bytes).
    Removing ald_cmu.o(i.ald_cmu_output_high_clock_config), (96 bytes).
    Removing ald_cmu.o(i.ald_cmu_output_low_clock_config), (80 bytes).
    Removing ald_cmu.o(i.ald_cmu_perh_clock_config), (204 bytes).
    Removing ald_cmu.o(i.ald_cmu_pll1_config), (196 bytes).
    Removing ald_cmu.o(i.ald_cmu_pll_safe_config), (168 bytes).
    Removing ald_crc.o(.rev16_text), (4 bytes).
    Removing ald_crc.o(.revsh_text), (4 bytes).
    Removing ald_crypt.o(.rev16_text), (4 bytes).
    Removing ald_crypt.o(.revsh_text), (4 bytes).
    Removing ald_dma.o(.rev16_text), (4 bytes).
    Removing ald_dma.o(.revsh_text), (4 bytes).
    Removing ald_flash.o(.rev16_text), (4 bytes).
    Removing ald_flash.o(.revsh_text), (4 bytes).
    Removing ald_flash_ext.o(.rev16_text), (4 bytes).
    Removing ald_flash_ext.o(.revsh_text), (4 bytes).
    Removing ald_gpio.o(.rev16_text), (4 bytes).
    Removing ald_gpio.o(.revsh_text), (4 bytes).
    Removing ald_gpio.o(i.ald_gpio_func_default), (8 bytes).
    Removing ald_gpio.o(i.ald_gpio_init_default), (44 bytes).
    Removing ald_gpio.o(i.ald_gpio_lock_pin), (20 bytes).
    Removing ald_gpio.o(i.ald_gpio_read_pin), (18 bytes).
    Removing ald_gpio.o(i.ald_gpio_read_port), (8 bytes).
    Removing ald_gpio.o(i.ald_gpio_toggle_dir), (86 bytes).
    Removing ald_gpio.o(i.ald_gpio_write_pin), (24 bytes).
    Removing ald_gpio.o(i.ald_gpio_write_port), (4 bytes).
    Removing ald_i2c.o(.rev16_text), (4 bytes).
    Removing ald_i2c.o(.revsh_text), (4 bytes).
    Removing ald_iap.o(.rev16_text), (4 bytes).
    Removing ald_iap.o(.revsh_text), (4 bytes).
    Removing ald_pis.o(.rev16_text), (4 bytes).
    Removing ald_pis.o(.revsh_text), (4 bytes).
    Removing ald_pmu.o(.rev16_text), (4 bytes).
    Removing ald_pmu.o(.revsh_text), (4 bytes).
    Removing ald_rmu.o(.rev16_text), (4 bytes).
    Removing ald_rmu.o(.revsh_text), (4 bytes).
    Removing ald_rtc.o(.rev16_text), (4 bytes).
    Removing ald_rtc.o(.revsh_text), (4 bytes).
    Removing ald_smartcard.o(.rev16_text), (4 bytes).
    Removing ald_smartcard.o(.revsh_text), (4 bytes).
    Removing ald_spi.o(.rev16_text), (4 bytes).
    Removing ald_spi.o(.revsh_text), (4 bytes).
    Removing ald_timer.o(.rev16_text), (4 bytes).
    Removing ald_timer.o(.revsh_text), (4 bytes).
    Removing ald_trng.o(.rev16_text), (4 bytes).
    Removing ald_trng.o(.revsh_text), (4 bytes).
    Removing ald_tsense.o(.rev16_text), (4 bytes).
    Removing ald_tsense.o(.revsh_text), (4 bytes).
    Removing ald_uart.o(.rev16_text), (4 bytes).
    Removing ald_uart.o(.revsh_text), (4 bytes).
    Removing ald_usart.o(.rev16_text), (4 bytes).
    Removing ald_usart.o(.revsh_text), (4 bytes).
    Removing ald_wdt.o(.rev16_text), (4 bytes).
    Removing ald_wdt.o(.revsh_text), (4 bytes).
    Removing utils.o(.rev16_text), (4 bytes).
    Removing utils.o(.revsh_text), (4 bytes).
    Removing utils.o(i.ald_delay_ms), (112 bytes).
    Removing utils.o(i.ald_get_ald_version), (6 bytes).
    Removing utils.o(i.ald_get_tick), (12 bytes).
    Removing utils.o(i.ald_mcu_get_cpu_id), (12 bytes).
    Removing utils.o(i.ald_mcu_get_tick), (16 bytes).
    Removing utils.o(i.ald_resume_tick), (20 bytes).
    Removing utils.o(i.ald_suspend_tick), (20 bytes).
    Removing utils.o(i.ald_systick_interval_select), (32 bytes).
    Removing utils.o(i.ald_wait_flag), (78 bytes).
    Removing main_1.o(.rev16_text), (4 bytes).
    Removing main_1.o(.revsh_text), (4 bytes).
    Removing irq.o(.rev16_text), (4 bytes).
    Removing irq.o(.revsh_text), (4 bytes).
    Removing system_es32f065x.o(.rev16_text), (4 bytes).
    Removing system_es32f065x.o(.revsh_text), (4 bytes).
    Removing system_es32f065x.o(i.system_init), (2 bytes).

116 unused section(s) (total 3092 bytes) removed from the image.

==============================================================================

Image Symbol Table

    Local Symbols

    Symbol Name                              Value     Ov Type        Size  Object(Section)

    RESET                                    0x00000000   Section      192  startup_es32f065x.o(RESET)
    ../clib/angel/boardlib.s                 0x00000000   Number         0  boardinit1.o ABSOLUTE
    ../clib/angel/boardlib.s                 0x00000000   Number         0  boardshut.o ABSOLUTE
    ../clib/angel/boardlib.s                 0x00000000   Number         0  boardinit3.o ABSOLUTE
    ../clib/angel/boardlib.s                 0x00000000   Number         0  boardinit2.o ABSOLUTE
    ../clib/angel/handlers.s                 0x00000000   Number         0  __scatter_copy.o ABSOLUTE
    ../clib/angel/handlers.s                 0x00000000   Number         0  __scatter_zi.o ABSOLUTE
    ../clib/angel/kernel.s                   0x00000000   Number         0  rtexit2.o ABSOLUTE
    ../clib/angel/kernel.s                   0x00000000   Number         0  __rtentry2.o ABSOLUTE
    ../clib/angel/kernel.s                   0x00000000   Number         0  __rtentry.o ABSOLUTE
    ../clib/angel/kernel.s                   0x00000000   Number         0  __rtentry4.o ABSOLUTE
    ../clib/angel/kernel.s                   0x00000000   Number         0  rtexit.o ABSOLUTE
    ../clib/angel/rt.s                       0x00000000   Number         0  rt_raise.o ABSOLUTE
    ../clib/angel/rt.s                       0x00000000   Number         0  aeabi_idiv0.o ABSOLUTE
    ../clib/angel/rt.s                       0x00000000   Number         0  aeabi_idiv0_sigfpe.o ABSOLUTE
    ../clib/angel/rt.s                       0x00000000   Number         0  rt_div0.o ABSOLUTE
    ../clib/angel/scatterp.s                 0x00000000   Number         0  __scatter.o ABSOLUTE
    ../clib/angel/startup.s                  0x00000000   Number         0  __main.o ABSOLUTE
    ../clib/angel/sys.s                      0x00000000   Number         0  indicate_semi.o ABSOLUTE
    ../clib/angel/sys.s                      0x00000000   Number         0  use_no_semi.o ABSOLUTE
    ../clib/angel/sys.s                      0x00000000   Number         0  libspace.o ABSOLUTE
    ../clib/angel/sys.s                      0x00000000   Number         0  sys_stackheap_outer.o ABSOLUTE
    ../clib/angel/sys.s                      0x00000000   Number         0  tempstk.o ABSOLUTE
    ../clib/angel/sysapp.c                   0x00000000   Number         0  sys_command.o ABSOLUTE
    ../clib/angel/sysapp.c                   0x00000000   Number         0  sys_wrch.o ABSOLUTE
    ../clib/angel/sysapp.c                   0x00000000   Number         0  sys_exit.o ABSOLUTE
    ../clib/armsys.c                         0x00000000   Number         0  argv_veneer.o ABSOLUTE
    ../clib/armsys.c                         0x00000000   Number         0  no_argv.o ABSOLUTE
    ../clib/armsys.c                         0x00000000   Number         0  _get_argv_nomalloc.o ABSOLUTE
    ../clib/division.s                       0x00000000   Number         0  aeabi_sdiv.o ABSOLUTE
    ../clib/division.s                       0x00000000   Number         0  aeabi_sdiv_div0.o ABSOLUTE
    ../clib/heapalloc.c                      0x00000000   Number         0  hrguard.o ABSOLUTE
    ../clib/heapaux.c                        0x00000000   Number         0  heapauxi.o ABSOLUTE
    ../clib/libinit.s                        0x00000000   Number         0  libinit2.o ABSOLUTE
    ../clib/libinit.s                        0x00000000   Number         0  libshutdown.o ABSOLUTE
    ../clib/libinit.s                        0x00000000   Number         0  libinit.o ABSOLUTE
    ../clib/libinit.s                        0x00000000   Number         0  libshutdown2.o ABSOLUTE
    ../clib/signal.c                         0x00000000   Number         0  defsig_rtmem_formal.o ABSOLUTE
    ../clib/signal.c                         0x00000000   Number         0  defsig_segv_inner.o ABSOLUTE
    ../clib/signal.c                         0x00000000   Number         0  defsig_cppl_inner.o ABSOLUTE
    ../clib/signal.c                         0x00000000   Number         0  defsig_pvfn_inner.o ABSOLUTE
    ../clib/signal.c                         0x00000000   Number         0  defsig_stak_inner.o ABSOLUTE
    ../clib/signal.c                         0x00000000   Number         0  defsig_fpe_outer.o ABSOLUTE
    ../clib/signal.c                         0x00000000   Number         0  defsig_exit.o ABSOLUTE
    ../clib/signal.c                         0x00000000   Number         0  defsig_rtmem_inner.o ABSOLUTE
    ../clib/signal.c                         0x00000000   Number         0  defsig_rtred_inner.o ABSOLUTE
    ../clib/signal.c                         0x00000000   Number         0  defsig_abrt_inner.o ABSOLUTE
    ../clib/signal.c                         0x00000000   Number         0  defsig_fpe_inner.o ABSOLUTE
    ../clib/signal.c                         0x00000000   Number         0  defsig_fpe_formal.o ABSOLUTE
    ../clib/signal.c                         0x00000000   Number         0  defsig_general.o ABSOLUTE
    ../clib/signal.c                         0x00000000   Number         0  defsig_rtmem_outer.o ABSOLUTE
    ../clib/signal.c                         0x00000000   Number         0  __raise.o ABSOLUTE
    ../clib/signal.c                         0x00000000   Number         0  defsig_other.o ABSOLUTE
    ../clib/signal.s                         0x00000000   Number         0  defsig.o ABSOLUTE
    ../clib/stdlib.c                         0x00000000   Number         0  exit.o ABSOLUTE
    ../fplib/cfplib/fpinit.c                 0x00000000   Number         0  fpinit.o ABSOLUTE
    ..\APP\irq.c                             0x00000000   Number         0  irq.o ABSOLUTE
    ..\APP\main.c                            0x00000000   Number         0  main_1.o ABSOLUTE
    ..\BSP\GPIO\bsp_gpio.c                   0x00000000   Number         0  bsp_gpio.o ABSOLUTE
    ..\BSP\KEY\bsp_key.c                     0x00000000   Number         0  bsp_key.o ABSOLUTE
    ..\BSP\TIMER\bsp_timer.c                 0x00000000   Number         0  bsp_timer.o ABSOLUTE
    ..\BSP\bsp.c                             0x00000000   Number         0  bsp.o ABSOLUTE
    ..\Lib\ALD\ES32F065x\Source\ald_acmp.c   0x00000000   Number         0  ald_acmp.o ABSOLUTE
    ..\Lib\ALD\ES32F065x\Source\ald_adc.c    0x00000000   Number         0  ald_adc.o ABSOLUTE
    ..\Lib\ALD\ES32F065x\Source\ald_bkpc.c   0x00000000   Number         0  ald_bkpc.o ABSOLUTE
    ..\Lib\ALD\ES32F065x\Source\ald_calc.c   0x00000000   Number         0  ald_calc.o ABSOLUTE
    ..\Lib\ALD\ES32F065x\Source\ald_can.c    0x00000000   Number         0  ald_can.o ABSOLUTE
    ..\Lib\ALD\ES32F065x\Source\ald_cmu.c    0x00000000   Number         0  ald_cmu.o ABSOLUTE
    ..\Lib\ALD\ES32F065x\Source\ald_crc.c    0x00000000   Number         0  ald_crc.o ABSOLUTE
    ..\Lib\ALD\ES32F065x\Source\ald_crypt.c  0x00000000   Number         0  ald_crypt.o ABSOLUTE
    ..\Lib\ALD\ES32F065x\Source\ald_dma.c    0x00000000   Number         0  ald_dma.o ABSOLUTE
    ..\Lib\ALD\ES32F065x\Source\ald_flash.c  0x00000000   Number         0  ald_flash.o ABSOLUTE
    ..\Lib\ALD\ES32F065x\Source\ald_flash_ext.c 0x00000000   Number         0  ald_flash_ext.o ABSOLUTE
    ..\Lib\ALD\ES32F065x\Source\ald_gpio.c   0x00000000   Number         0  ald_gpio.o ABSOLUTE
    ..\Lib\ALD\ES32F065x\Source\ald_i2c.c    0x00000000   Number         0  ald_i2c.o ABSOLUTE
    ..\Lib\ALD\ES32F065x\Source\ald_iap.c    0x00000000   Number         0  ald_iap.o ABSOLUTE
    ..\Lib\ALD\ES32F065x\Source\ald_pis.c    0x00000000   Number         0  ald_pis.o ABSOLUTE
    ..\Lib\ALD\ES32F065x\Source\ald_pmu.c    0x00000000   Number         0  ald_pmu.o ABSOLUTE
    ..\Lib\ALD\ES32F065x\Source\ald_rmu.c    0x00000000   Number         0  ald_rmu.o ABSOLUTE
    ..\Lib\ALD\ES32F065x\Source\ald_rtc.c    0x00000000   Number         0  ald_rtc.o ABSOLUTE
    ..\Lib\ALD\ES32F065x\Source\ald_smartcard.c 0x00000000   Number         0  ald_smartcard.o ABSOLUTE
    ..\Lib\ALD\ES32F065x\Source\ald_spi.c    0x00000000   Number         0  ald_spi.o ABSOLUTE
    ..\Lib\ALD\ES32F065x\Source\ald_timer.c  0x00000000   Number         0  ald_timer.o ABSOLUTE
    ..\Lib\ALD\ES32F065x\Source\ald_trng.c   0x00000000   Number         0  ald_trng.o ABSOLUTE
    ..\Lib\ALD\ES32F065x\Source\ald_tsense.c 0x00000000   Number         0  ald_tsense.o ABSOLUTE
    ..\Lib\ALD\ES32F065x\Source\ald_uart.c   0x00000000   Number         0  ald_uart.o ABSOLUTE
    ..\Lib\ALD\ES32F065x\Source\ald_usart.c  0x00000000   Number         0  ald_usart.o ABSOLUTE
    ..\Lib\ALD\ES32F065x\Source\ald_wdt.c    0x00000000   Number         0  ald_wdt.o ABSOLUTE
    ..\Lib\ALD\ES32F065x\Source\utils.c      0x00000000   Number         0  utils.o ABSOLUTE
    ..\Lib\CMSIS\Device\EastSoft\ES32F065x\Startup\keil\startup_es32f065x.s 0x00000000   Number         0  startup_es32f065x.o ABSOLUTE
    ..\Lib\CMSIS\Device\EastSoft\ES32F065x\System\system_es32f065x.c 0x00000000   Number         0  system_es32f065x.o ABSOLUTE
    ..\\APP\\irq.c                           0x00000000   Number         0  irq.o ABSOLUTE
    ..\\APP\\main.c                          0x00000000   Number         0  main_1.o ABSOLUTE
    ..\\BSP\\GPIO\\bsp_gpio.c                0x00000000   Number         0  bsp_gpio.o ABSOLUTE
    ..\\BSP\\KEY\\bsp_key.c                  0x00000000   Number         0  bsp_key.o ABSOLUTE
    ..\\BSP\\TIMER\\bsp_timer.c              0x00000000   Number         0  bsp_timer.o ABSOLUTE
    ..\\BSP\\bsp.c                           0x00000000   Number         0  bsp.o ABSOLUTE
    ..\\Lib\\ALD\\ES32F065x\\Source\\ald_acmp.c 0x00000000   Number         0  ald_acmp.o ABSOLUTE
    ..\\Lib\\ALD\\ES32F065x\\Source\\ald_adc.c 0x00000000   Number         0  ald_adc.o ABSOLUTE
    ..\\Lib\\ALD\\ES32F065x\\Source\\ald_bkpc.c 0x00000000   Number         0  ald_bkpc.o ABSOLUTE
    ..\\Lib\\ALD\\ES32F065x\\Source\\ald_calc.c 0x00000000   Number         0  ald_calc.o ABSOLUTE
    ..\\Lib\\ALD\\ES32F065x\\Source\\ald_can.c 0x00000000   Number         0  ald_can.o ABSOLUTE
    ..\\Lib\\ALD\\ES32F065x\\Source\\ald_cmu.c 0x00000000   Number         0  ald_cmu.o ABSOLUTE
    ..\\Lib\\ALD\\ES32F065x\\Source\\ald_crc.c 0x00000000   Number         0  ald_crc.o ABSOLUTE
    ..\\Lib\\ALD\\ES32F065x\\Source\\ald_crypt.c 0x00000000   Number         0  ald_crypt.o ABSOLUTE
    ..\\Lib\\ALD\\ES32F065x\\Source\\ald_dma.c 0x00000000   Number         0  ald_dma.o ABSOLUTE
    ..\\Lib\\ALD\\ES32F065x\\Source\\ald_flash.c 0x00000000   Number         0  ald_flash.o ABSOLUTE
    ..\\Lib\\ALD\\ES32F065x\\Source\\ald_flash_ext.c 0x00000000   Number         0  ald_flash_ext.o ABSOLUTE
    ..\\Lib\\ALD\\ES32F065x\\Source\\ald_gpio.c 0x00000000   Number         0  ald_gpio.o ABSOLUTE
    ..\\Lib\\ALD\\ES32F065x\\Source\\ald_i2c.c 0x00000000   Number         0  ald_i2c.o ABSOLUTE
    ..\\Lib\\ALD\\ES32F065x\\Source\\ald_iap.c 0x00000000   Number         0  ald_iap.o ABSOLUTE
    ..\\Lib\\ALD\\ES32F065x\\Source\\ald_pis.c 0x00000000   Number         0  ald_pis.o ABSOLUTE
    ..\\Lib\\ALD\\ES32F065x\\Source\\ald_pmu.c 0x00000000   Number         0  ald_pmu.o ABSOLUTE
    ..\\Lib\\ALD\\ES32F065x\\Source\\ald_rmu.c 0x00000000   Number         0  ald_rmu.o ABSOLUTE
    ..\\Lib\\ALD\\ES32F065x\\Source\\ald_rtc.c 0x00000000   Number         0  ald_rtc.o ABSOLUTE
    ..\\Lib\\ALD\\ES32F065x\\Source\\ald_smartcard.c 0x00000000   Number         0  ald_smartcard.o ABSOLUTE
    ..\\Lib\\ALD\\ES32F065x\\Source\\ald_spi.c 0x00000000   Number         0  ald_spi.o ABSOLUTE
    ..\\Lib\\ALD\\ES32F065x\\Source\\ald_timer.c 0x00000000   Number         0  ald_timer.o ABSOLUTE
    ..\\Lib\\ALD\\ES32F065x\\Source\\ald_trng.c 0x00000000   Number         0  ald_trng.o ABSOLUTE
    ..\\Lib\\ALD\\ES32F065x\\Source\\ald_tsense.c 0x00000000   Number         0  ald_tsense.o ABSOLUTE
    ..\\Lib\\ALD\\ES32F065x\\Source\\ald_uart.c 0x00000000   Number         0  ald_uart.o ABSOLUTE
    ..\\Lib\\ALD\\ES32F065x\\Source\\ald_usart.c 0x00000000   Number         0  ald_usart.o ABSOLUTE
    ..\\Lib\\ALD\\ES32F065x\\Source\\ald_wdt.c 0x00000000   Number         0  ald_wdt.o ABSOLUTE
    ..\\Lib\\ALD\\ES32F065x\\Source\\utils.c 0x00000000   Number         0  utils.o ABSOLUTE
    ..\\Lib\\CMSIS\\Device\\EastSoft\\ES32F065x\\System\\system_es32f065x.c 0x00000000   Number         0  system_es32f065x.o ABSOLUTE
    dc.s                                     0x00000000   Number         0  dc.o ABSOLUTE
    !!!main                                  0x000000c0   Section        8  __main.o(!!!main)
    !!!scatter                               0x000000c8   Section       60  __scatter.o(!!!scatter)
    !!handler_copy                           0x00000104   Section       26  __scatter_copy.o(!!handler_copy)
    !!handler_zi                             0x00000120   Section       28  __scatter_zi.o(!!handler_zi)
    .ARM.Collect$$libinit$$00000000          0x0000013c   Section        2  libinit.o(.ARM.Collect$$libinit$$00000000)
    .ARM.Collect$$libinit$$00000002          0x0000013e   Section        0  libinit2.o(.ARM.Collect$$libinit$$00000002)
    .ARM.Collect$$libinit$$00000004          0x0000013e   Section        0  libinit2.o(.ARM.Collect$$libinit$$00000004)
    .ARM.Collect$$libinit$$0000000A          0x0000013e   Section        0  libinit2.o(.ARM.Collect$$libinit$$0000000A)
    .ARM.Collect$$libinit$$0000000C          0x0000013e   Section        0  libinit2.o(.ARM.Collect$$libinit$$0000000C)
    .ARM.Collect$$libinit$$0000000E          0x0000013e   Section        0  libinit2.o(.ARM.Collect$$libinit$$0000000E)
    .ARM.Collect$$libinit$$00000011          0x0000013e   Section        0  libinit2.o(.ARM.Collect$$libinit$$00000011)
    .ARM.Collect$$libinit$$00000013          0x0000013e   Section        0  libinit2.o(.ARM.Collect$$libinit$$00000013)
    .ARM.Collect$$libinit$$00000015          0x0000013e   Section        0  libinit2.o(.ARM.Collect$$libinit$$00000015)
    .ARM.Collect$$libinit$$00000017          0x0000013e   Section        0  libinit2.o(.ARM.Collect$$libinit$$00000017)
    .ARM.Collect$$libinit$$00000019          0x0000013e   Section        0  libinit2.o(.ARM.Collect$$libinit$$00000019)
    .ARM.Collect$$libinit$$0000001B          0x0000013e   Section        0  libinit2.o(.ARM.Collect$$libinit$$0000001B)
    .ARM.Collect$$libinit$$0000001D          0x0000013e   Section        0  libinit2.o(.ARM.Collect$$libinit$$0000001D)
    .ARM.Collect$$libinit$$0000001F          0x0000013e   Section        0  libinit2.o(.ARM.Collect$$libinit$$0000001F)
    .ARM.Collect$$libinit$$00000021          0x0000013e   Section        0  libinit2.o(.ARM.Collect$$libinit$$00000021)
    .ARM.Collect$$libinit$$00000023          0x0000013e   Section        0  libinit2.o(.ARM.Collect$$libinit$$00000023)
    .ARM.Collect$$libinit$$00000025          0x0000013e   Section        0  libinit2.o(.ARM.Collect$$libinit$$00000025)
    .ARM.Collect$$libinit$$0000002C          0x0000013e   Section        0  libinit2.o(.ARM.Collect$$libinit$$0000002C)
    .ARM.Collect$$libinit$$0000002E          0x0000013e   Section        0  libinit2.o(.ARM.Collect$$libinit$$0000002E)
    .ARM.Collect$$libinit$$00000030          0x0000013e   Section        0  libinit2.o(.ARM.Collect$$libinit$$00000030)
    .ARM.Collect$$libinit$$00000032          0x0000013e   Section        0  libinit2.o(.ARM.Collect$$libinit$$00000032)
    .ARM.Collect$$libinit$$00000033          0x0000013e   Section        2  libinit2.o(.ARM.Collect$$libinit$$00000033)
    .ARM.Collect$$libshutdown$$00000000      0x00000140   Section        2  libshutdown.o(.ARM.Collect$$libshutdown$$00000000)
    .ARM.Collect$$libshutdown$$00000002      0x00000142   Section        0  libshutdown2.o(.ARM.Collect$$libshutdown$$00000002)
    .ARM.Collect$$libshutdown$$00000004      0x00000142   Section        0  libshutdown2.o(.ARM.Collect$$libshutdown$$00000004)
    .ARM.Collect$$libshutdown$$00000007      0x00000142   Section        0  libshutdown2.o(.ARM.Collect$$libshutdown$$00000007)
    .ARM.Collect$$libshutdown$$0000000A      0x00000142   Section        0  libshutdown2.o(.ARM.Collect$$libshutdown$$0000000A)
    .ARM.Collect$$libshutdown$$0000000C      0x00000142   Section        0  libshutdown2.o(.ARM.Collect$$libshutdown$$0000000C)
    .ARM.Collect$$libshutdown$$0000000F      0x00000142   Section        0  libshutdown2.o(.ARM.Collect$$libshutdown$$0000000F)
    .ARM.Collect$$libshutdown$$00000010      0x00000142   Section        2  libshutdown2.o(.ARM.Collect$$libshutdown$$00000010)
    .ARM.Collect$$rtentry$$00000000          0x00000144   Section        0  __rtentry.o(.ARM.Collect$$rtentry$$00000000)
    .ARM.Collect$$rtentry$$00000002          0x00000144   Section        0  __rtentry2.o(.ARM.Collect$$rtentry$$00000002)
    .ARM.Collect$$rtentry$$00000004          0x00000144   Section        6  __rtentry4.o(.ARM.Collect$$rtentry$$00000004)
    .ARM.Collect$$rtentry$$00000009          0x0000014a   Section        0  __rtentry2.o(.ARM.Collect$$rtentry$$00000009)
    .ARM.Collect$$rtentry$$0000000A          0x0000014a   Section        4  __rtentry2.o(.ARM.Collect$$rtentry$$0000000A)
    .ARM.Collect$$rtentry$$0000000C          0x0000014e   Section        0  __rtentry2.o(.ARM.Collect$$rtentry$$0000000C)
    .ARM.Collect$$rtentry$$0000000D          0x0000014e   Section        8  __rtentry2.o(.ARM.Collect$$rtentry$$0000000D)
    .ARM.Collect$$rtexit$$00000000           0x00000156   Section        2  rtexit.o(.ARM.Collect$$rtexit$$00000000)
    .ARM.Collect$$rtexit$$00000002           0x00000158   Section        0  rtexit2.o(.ARM.Collect$$rtexit$$00000002)
    .ARM.Collect$$rtexit$$00000003           0x00000158   Section        4  rtexit2.o(.ARM.Collect$$rtexit$$00000003)
    .ARM.Collect$$rtexit$$00000004           0x0000015c   Section        6  rtexit2.o(.ARM.Collect$$rtexit$$00000004)
    .text                                    0x00000162   Section      346  aeabi_sdiv.o(.text)
    .text                                    0x000002bc   Section        0  heapauxi.o(.text)
    .text                                    0x000002c2   Section       62  sys_stackheap_outer.o(.text)
    .text                                    0x00000300   Section        0  exit.o(.text)
    .text                                    0x00000310   Section        8  libspace.o(.text)
    .text                                    0x00000318   Section        0  sys_exit.o(.text)
    .text                                    0x00000324   Section        2  use_no_semi.o(.text)
    .text                                    0x00000326   Section        0  indicate_semi.o(.text)
    INT                                      0x00000328   Section      112  startup_es32f065x.o(INT)
    i.CMU_Handler                            0x00000398   Section        0  irq.o(i.CMU_Handler)
    i.DebugMon_Handler                       0x000003a0   Section        0  irq.o(i.DebugMon_Handler)
    i.EXTI0_3_Handler                        0x000003a4   Section        0  irq.o(i.EXTI0_3_Handler)
    i.HardFault_Handler                      0x000003e0   Section        0  irq.o(i.HardFault_Handler)
    i.NMI_Handler                            0x000003e4   Section        0  irq.o(i.NMI_Handler)
    i.PendSV_Handler                         0x000003e6   Section        0  irq.o(i.PendSV_Handler)
    i.SVC_Handler                            0x000003e8   Section        0  irq.o(i.SVC_Handler)
    i.SysTick_Config                         0x000003ec   Section        0  utils.o(i.SysTick_Config)
    SysTick_Config                           0x000003ed   Thumb Code    44  utils.o(i.SysTick_Config)
    i.SysTick_Handler                        0x00000420   Section        0  bsp_timer.o(i.SysTick_Handler)
    i.SysTick_ISR                            0x0000042c   Section        0  bsp_timer.o(i.SysTick_ISR)
    i.SystemClock_Config                     0x000004b4   Section        0  bsp.o(i.SystemClock_Config)
    SystemClock_Config                       0x000004b5   Thumb Code    12  bsp.o(i.SystemClock_Config)
    i.__ARM_common_switch8                   0x000004c4   Section        0  ald_cmu.o(i.__ARM_common_switch8)
    i.__NVIC_SetPriority                     0x000004e0   Section        0  bsp_timer.o(i.__NVIC_SetPriority)
    __NVIC_SetPriority                       0x000004e1   Thumb Code   110  bsp_timer.o(i.__NVIC_SetPriority)
    i.__NVIC_SetPriority                     0x00000558   Section        0  utils.o(i.__NVIC_SetPriority)
    __NVIC_SetPriority                       0x00000559   Thumb Code   110  utils.o(i.__NVIC_SetPriority)
    i.ald_cmu_clock_config                   0x000005d0   Section        0  ald_cmu.o(i.ald_cmu_clock_config)
    i.ald_cmu_clock_config_default           0x00000930   Section        0  ald_cmu.o(i.ald_cmu_clock_config_default)
    i.ald_cmu_get_sys_clock                  0x000009a8   Section        0  ald_cmu.o(i.ald_cmu_get_sys_clock)
    i.ald_cmu_init                           0x000009c4   Section        0  utils.o(i.ald_cmu_init)
    i.ald_cmu_irq_cbk                        0x000009d2   Section        0  ald_cmu.o(i.ald_cmu_irq_cbk)
    i.ald_cmu_irq_handler                    0x000009d4   Section        0  ald_cmu.o(i.ald_cmu_irq_handler)
    i.ald_gpio_exti_clear_flag_status        0x00000bc4   Section        0  ald_gpio.o(i.ald_gpio_exti_clear_flag_status)
    i.ald_gpio_exti_get_flag_status          0x00000bd0   Section        0  ald_gpio.o(i.ald_gpio_exti_get_flag_status)
    i.ald_gpio_exti_init                     0x00000be8   Section        0  ald_gpio.o(i.ald_gpio_exti_init)
    i.ald_gpio_exti_interrupt_config         0x00000d14   Section        0  ald_gpio.o(i.ald_gpio_exti_interrupt_config)
    i.ald_gpio_init                          0x00000dac   Section        0  ald_gpio.o(i.ald_gpio_init)
    i.ald_gpio_toggle_pin                    0x00000e78   Section        0  ald_gpio.o(i.ald_gpio_toggle_pin)
    i.ald_inc_tick                           0x00000e7c   Section        0  utils.o(i.ald_inc_tick)
    i.ald_inc_tick_weak                      0x00000e88   Section        0  utils.o(i.ald_inc_tick_weak)
    i.ald_mcu_irq_config                     0x00000e98   Section        0  utils.o(i.ald_mcu_irq_config)
    i.ald_systick_irq_cbk                    0x00000f00   Section        0  utils.o(i.ald_systick_irq_cbk)
    i.ald_tick_init                          0x00000f02   Section        0  utils.o(i.ald_tick_init)
    i.bsp_RunPer10ms                         0x00000f2a   Section        0  bsp.o(i.bsp_RunPer10ms)
    i.bsp_RunPer1ms                          0x00000f2c   Section        0  bsp.o(i.bsp_RunPer1ms)
    i.bsp_init                               0x00000f2e   Section        0  bsp.o(i.bsp_init)
    i.bsp_init_timer                         0x00000f48   Section        0  bsp_timer.o(i.bsp_init_timer)
    i.bsp_initkey                            0x00000fc4   Section        0  bsp_key.o(i.bsp_initkey)
    i.bsp_softtimerdec                       0x00001044   Section        0  bsp_timer.o(i.bsp_softtimerdec)
    bsp_softtimerdec                         0x00001045   Thumb Code    32  bsp_timer.o(i.bsp_softtimerdec)
    i.cmu_clock_update                       0x00001064   Section        0  ald_cmu.o(i.cmu_clock_update)
    cmu_clock_update                         0x00001065   Thumb Code    22  ald_cmu.o(i.cmu_clock_update)
    i.main                                   0x00001084   Section        0  main_1.o(i.main)
    i.out_gpio_init                          0x0000108c   Section        0  bsp_gpio.o(i.out_gpio_init)
    i.toggle_pin                             0x000010ec   Section        0  bsp_gpio.o(i.toggle_pin)
    .constdata                               0x000010fc   Section       16  bsp_gpio.o(.constdata)
    gpio_list                                0x000010fc   Data          16  bsp_gpio.o(.constdata)
    .data                                    0x20000000   Section       14  bsp_timer.o(.data)
    enablesystickisr                         0x20000004   Data           1  bsp_timer.o(.data)
    delaycnt                                 0x20000008   Data           4  bsp_timer.o(.data)
    timeoutflag                              0x2000000c   Data           1  bsp_timer.o(.data)
    s_count                                  0x2000000d   Data           1  bsp_timer.o(.data)
    .data                                    0x20000010   Section        4  ald_cmu.o(.data)
    .data                                    0x20000014   Section        8  utils.o(.data)
    lib_tick                                 0x20000014   Data           4  utils.o(.data)
    .bss                                     0x2000001c   Section       48  bsp_timer.o(.bss)
    s_tmr                                    0x2000001c   Data          48  bsp_timer.o(.bss)
    .bss                                     0x2000004c   Section       96  libspace.o(.bss)
    HEAP                                     0x200000b0   Section        0  startup_es32f065x.o(HEAP)
    STACK                                    0x200000b0   Section     1024  startup_es32f065x.o(STACK)
    Heap_Mem                                 0x200000b0   Data           0  startup_es32f065x.o(HEAP)
    Stack_Mem                                0x200000b0   Data        1024  startup_es32f065x.o(STACK)
    __initial_sp                             0x200004b0   Data           0  startup_es32f065x.o(STACK)

    Global Symbols

    Symbol Name                              Value     Ov Type        Size  Object(Section)

    BuildAttributes$$THM_ISAv3M$S$PE$A:L22$X:L11$S22$IEEE1$IW$USESV6$~STKCKD$USESV7$~SHL$OSPACE$ROPI$EBA8$UX$STANDARDLIB$REQ8$PRES8$EABIv2 0x00000000   Number         0  anon$$obj.o ABSOLUTE
    __ARM_use_no_argv                        0x00000000   Number         0  main_1.o ABSOLUTE
    __Vectors                                0x00000000   Data           4  startup_es32f065x.o(RESET)
    __ARM_exceptions_init                     - Undefined Weak Reference
    __alloca_initialize                       - Undefined Weak Reference
    __arm_preinit_                            - Undefined Weak Reference
    __cpp_initialize__aeabi_                  - Undefined Weak Reference
    __cxa_finalize                            - Undefined Weak Reference
    __rt_locale                               - Undefined Weak Reference
    __sigvec_lookup                           - Undefined Weak Reference
    _atexit_init                              - Undefined Weak Reference
    _call_atexit_fns                          - Undefined Weak Reference
    _clock_init                               - Undefined Weak Reference
    _fp_trap_init                             - Undefined Weak Reference
    _fp_trap_shutdown                         - Undefined Weak Reference
    _get_lc_collate                           - Undefined Weak Reference
    _get_lc_ctype                             - Undefined Weak Reference
    _get_lc_monetary                          - Undefined Weak Reference
    _get_lc_numeric                           - Undefined Weak Reference
    _get_lc_time                              - Undefined Weak Reference
    _getenv_init                              - Undefined Weak Reference
    _handle_redirection                       - Undefined Weak Reference
    _init_alloc                               - Undefined Weak Reference
    _init_user_alloc                          - Undefined Weak Reference
    _initio                                   - Undefined Weak Reference
    _rand_init                                - Undefined Weak Reference
    _signal_finish                            - Undefined Weak Reference
    _signal_init                              - Undefined Weak Reference
    _terminate_alloc                          - Undefined Weak Reference
    _terminate_user_alloc                     - Undefined Weak Reference
    _terminateio                              - Undefined Weak Reference
    __main                                   0x000000c1   Thumb Code     8  __main.o(!!!main)
    __scatterload                            0x000000c9   Thumb Code     0  __scatter.o(!!!scatter)
    __scatterload_rt2                        0x000000c9   Thumb Code    52  __scatter.o(!!!scatter)
    __scatterload_rt2_thumb_only             0x000000c9   Thumb Code     0  __scatter.o(!!!scatter)
    __scatterload_null                       0x000000d9   Thumb Code     0  __scatter.o(!!!scatter)
    __scatterload_copy                       0x00000105   Thumb Code    26  __scatter_copy.o(!!handler_copy)
    __scatterload_zeroinit                   0x00000121   Thumb Code    28  __scatter_zi.o(!!handler_zi)
    __rt_lib_init                            0x0000013d   Thumb Code     0  libinit.o(.ARM.Collect$$libinit$$00000000)
    __rt_lib_init_alloca_1                   0x0000013f   Thumb Code     0  libinit2.o(.ARM.Collect$$libinit$$0000002E)
    __rt_lib_init_argv_1                     0x0000013f   Thumb Code     0  libinit2.o(.ARM.Collect$$libinit$$0000002C)
    __rt_lib_init_atexit_1                   0x0000013f   Thumb Code     0  libinit2.o(.ARM.Collect$$libinit$$0000001B)
    __rt_lib_init_clock_1                    0x0000013f   Thumb Code     0  libinit2.o(.ARM.Collect$$libinit$$00000021)
    __rt_lib_init_cpp_1                      0x0000013f   Thumb Code     0  libinit2.o(.ARM.Collect$$libinit$$00000032)
    __rt_lib_init_exceptions_1               0x0000013f   Thumb Code     0  libinit2.o(.ARM.Collect$$libinit$$00000030)
    __rt_lib_init_fp_1                       0x0000013f   Thumb Code     0  libinit2.o(.ARM.Collect$$libinit$$00000002)
    __rt_lib_init_fp_trap_1                  0x0000013f   Thumb Code     0  libinit2.o(.ARM.Collect$$libinit$$0000001F)
    __rt_lib_init_getenv_1                   0x0000013f   Thumb Code     0  libinit2.o(.ARM.Collect$$libinit$$00000023)
    __rt_lib_init_heap_1                     0x0000013f   Thumb Code     0  libinit2.o(.ARM.Collect$$libinit$$0000000A)
    __rt_lib_init_lc_collate_1               0x0000013f   Thumb Code     0  libinit2.o(.ARM.Collect$$libinit$$00000011)
    __rt_lib_init_lc_ctype_1                 0x0000013f   Thumb Code     0  libinit2.o(.ARM.Collect$$libinit$$00000013)
    __rt_lib_init_lc_monetary_1              0x0000013f   Thumb Code     0  libinit2.o(.ARM.Collect$$libinit$$00000015)
    __rt_lib_init_lc_numeric_1               0x0000013f   Thumb Code     0  libinit2.o(.ARM.Collect$$libinit$$00000017)
    __rt_lib_init_lc_time_1                  0x0000013f   Thumb Code     0  libinit2.o(.ARM.Collect$$libinit$$00000019)
    __rt_lib_init_preinit_1                  0x0000013f   Thumb Code     0  libinit2.o(.ARM.Collect$$libinit$$00000004)
    __rt_lib_init_rand_1                     0x0000013f   Thumb Code     0  libinit2.o(.ARM.Collect$$libinit$$0000000E)
    __rt_lib_init_return                     0x0000013f   Thumb Code     0  libinit2.o(.ARM.Collect$$libinit$$00000033)
    __rt_lib_init_signal_1                   0x0000013f   Thumb Code     0  libinit2.o(.ARM.Collect$$libinit$$0000001D)
    __rt_lib_init_stdio_1                    0x0000013f   Thumb Code     0  libinit2.o(.ARM.Collect$$libinit$$00000025)
    __rt_lib_init_user_alloc_1               0x0000013f   Thumb Code     0  libinit2.o(.ARM.Collect$$libinit$$0000000C)
    __rt_lib_shutdown                        0x00000141   Thumb Code     0  libshutdown.o(.ARM.Collect$$libshutdown$$00000000)
    __rt_lib_shutdown_cpp_1                  0x00000143   Thumb Code     0  libshutdown2.o(.ARM.Collect$$libshutdown$$00000002)
    __rt_lib_shutdown_fp_trap_1              0x00000143   Thumb Code     0  libshutdown2.o(.ARM.Collect$$libshutdown$$00000007)
    __rt_lib_shutdown_heap_1                 0x00000143   Thumb Code     0  libshutdown2.o(.ARM.Collect$$libshutdown$$0000000F)
    __rt_lib_shutdown_return                 0x00000143   Thumb Code     0  libshutdown2.o(.ARM.Collect$$libshutdown$$00000010)
    __rt_lib_shutdown_signal_1               0x00000143   Thumb Code     0  libshutdown2.o(.ARM.Collect$$libshutdown$$0000000A)
    __rt_lib_shutdown_stdio_1                0x00000143   Thumb Code     0  libshutdown2.o(.ARM.Collect$$libshutdown$$00000004)
    __rt_lib_shutdown_user_alloc_1           0x00000143   Thumb Code     0  libshutdown2.o(.ARM.Collect$$libshutdown$$0000000C)
    __rt_entry                               0x00000145   Thumb Code     0  __rtentry.o(.ARM.Collect$$rtentry$$00000000)
    __rt_entry_presh_1                       0x00000145   Thumb Code     0  __rtentry2.o(.ARM.Collect$$rtentry$$00000002)
    __rt_entry_sh                            0x00000145   Thumb Code     0  __rtentry4.o(.ARM.Collect$$rtentry$$00000004)
    __rt_entry_li                            0x0000014b   Thumb Code     0  __rtentry2.o(.ARM.Collect$$rtentry$$0000000A)
    __rt_entry_postsh_1                      0x0000014b   Thumb Code     0  __rtentry2.o(.ARM.Collect$$rtentry$$00000009)
    __rt_entry_main                          0x0000014f   Thumb Code     0  __rtentry2.o(.ARM.Collect$$rtentry$$0000000D)
    __rt_entry_postli_1                      0x0000014f   Thumb Code     0  __rtentry2.o(.ARM.Collect$$rtentry$$0000000C)
    __rt_exit                                0x00000157   Thumb Code     0  rtexit.o(.ARM.Collect$$rtexit$$00000000)
    __rt_exit_ls                             0x00000159   Thumb Code     0  rtexit2.o(.ARM.Collect$$rtexit$$00000003)
    __rt_exit_prels_1                        0x00000159   Thumb Code     0  rtexit2.o(.ARM.Collect$$rtexit$$00000002)
    __rt_exit_exit                           0x0000015d   Thumb Code     0  rtexit2.o(.ARM.Collect$$rtexit$$00000004)
    __aeabi_uidiv                            0x00000163   Thumb Code     0  aeabi_sdiv.o(.text)
    __aeabi_uidivmod                         0x00000163   Thumb Code    20  aeabi_sdiv.o(.text)
    __aeabi_idiv                             0x00000177   Thumb Code     0  aeabi_sdiv.o(.text)
    __aeabi_idivmod                          0x00000177   Thumb Code   326  aeabi_sdiv.o(.text)
    __use_two_region_memory                  0x000002bd   Thumb Code     2  heapauxi.o(.text)
    __rt_heap_escrow$2region                 0x000002bf   Thumb Code     2  heapauxi.o(.text)
    __rt_heap_expand$2region                 0x000002c1   Thumb Code     2  heapauxi.o(.text)
    __user_setup_stackheap                   0x000002c3   Thumb Code    62  sys_stackheap_outer.o(.text)
    exit                                     0x00000301   Thumb Code    16  exit.o(.text)
    __user_libspace                          0x00000311   Thumb Code     8  libspace.o(.text)
    __user_perproc_libspace                  0x00000311   Thumb Code     0  libspace.o(.text)
    __user_perthread_libspace                0x00000311   Thumb Code     0  libspace.o(.text)
    _sys_exit                                0x00000319   Thumb Code     8  sys_exit.o(.text)
    __I$use$semihosting                      0x00000325   Thumb Code     0  use_no_semi.o(.text)
    __use_no_semihosting_swi                 0x00000325   Thumb Code     2  use_no_semi.o(.text)
    __semihosting_library_function           0x00000327   Thumb Code     0  indicate_semi.o(.text)
    Reset_Handler                            0x00000329   Thumb Code     8  startup_es32f065x.o(INT)
    WWDG_IWDG_Handler                        0x0000033d   Thumb Code     2  startup_es32f065x.o(INT)
    LVD_Handler                              0x0000033f   Thumb Code     2  startup_es32f065x.o(INT)
    RTC_TSENSE_Handler                       0x00000341   Thumb Code     2  startup_es32f065x.o(INT)
    CRYPT_TRNG_Handler                       0x00000343   Thumb Code     2  startup_es32f065x.o(INT)
    EXTI4_7_Handler                          0x00000349   Thumb Code     2  startup_es32f065x.o(INT)
    EXTI8_11_Handler                         0x0000034b   Thumb Code     2  startup_es32f065x.o(INT)
    EXTI12_15_Handler                        0x0000034d   Thumb Code     2  startup_es32f065x.o(INT)
    DMA_Handler                              0x0000034f   Thumb Code     2  startup_es32f065x.o(INT)
    CAN0_Handler                             0x00000351   Thumb Code     2  startup_es32f065x.o(INT)
    LPTIM0_SPI2_Handler                      0x00000353   Thumb Code     2  startup_es32f065x.o(INT)
    ADC_ACMP_Handler                         0x00000355   Thumb Code     2  startup_es32f065x.o(INT)
    AD16C4T0_BRK_UP_TRIG_COM_Handler         0x00000357   Thumb Code     2  startup_es32f065x.o(INT)
    AD16C4T0_CC_Handler                      0x00000359   Thumb Code     2  startup_es32f065x.o(INT)
    BS16T0_Handler                           0x0000035b   Thumb Code     2  startup_es32f065x.o(INT)
    GP16C2T0_Handler                         0x0000035d   Thumb Code     2  startup_es32f065x.o(INT)
    GP16C2T1_Handler                         0x0000035f   Thumb Code     2  startup_es32f065x.o(INT)
    BS16T1_UART2_Handler                     0x00000361   Thumb Code     2  startup_es32f065x.o(INT)
    BS16T2_UART3_Handler                     0x00000363   Thumb Code     2  startup_es32f065x.o(INT)
    GP16C4T0_LCD_Handler                     0x00000365   Thumb Code     2  startup_es32f065x.o(INT)
    BS16T3_DAC0_Handler                      0x00000367   Thumb Code     2  startup_es32f065x.o(INT)
    I2C0_Handler                             0x00000369   Thumb Code     2  startup_es32f065x.o(INT)
    I2C1_Handler                             0x0000036b   Thumb Code     2  startup_es32f065x.o(INT)
    SPI0_Handler                             0x0000036d   Thumb Code     2  startup_es32f065x.o(INT)
    SPI1_Handler                             0x0000036f   Thumb Code     2  startup_es32f065x.o(INT)
    UART0_Handler                            0x00000371   Thumb Code     2  startup_es32f065x.o(INT)
    UART1_Handler                            0x00000373   Thumb Code     2  startup_es32f065x.o(INT)
    USART0_Handler                           0x00000375   Thumb Code     2  startup_es32f065x.o(INT)
    USART1_Handler                           0x00000377   Thumb Code     2  startup_es32f065x.o(INT)
    LPUART0_Handler                          0x00000379   Thumb Code     2  startup_es32f065x.o(INT)
    __user_initial_stackheap                 0x0000037d   Thumb Code     0  startup_es32f065x.o(INT)
    CMU_Handler                              0x00000399   Thumb Code     8  irq.o(i.CMU_Handler)
    DebugMon_Handler                         0x000003a1   Thumb Code     2  irq.o(i.DebugMon_Handler)
    EXTI0_3_Handler                          0x000003a5   Thumb Code    56  irq.o(i.EXTI0_3_Handler)
    HardFault_Handler                        0x000003e1   Thumb Code     4  irq.o(i.HardFault_Handler)
    NMI_Handler                              0x000003e5   Thumb Code     2  irq.o(i.NMI_Handler)
    PendSV_Handler                           0x000003e7   Thumb Code     2  irq.o(i.PendSV_Handler)
    SVC_Handler                              0x000003e9   Thumb Code     2  irq.o(i.SVC_Handler)
    SysTick_Handler                          0x00000421   Thumb Code    12  bsp_timer.o(i.SysTick_Handler)
    SysTick_ISR                              0x0000042d   Thumb Code   110  bsp_timer.o(i.SysTick_ISR)
    __ARM_common_switch8                     0x000004c5   Thumb Code    28  ald_cmu.o(i.__ARM_common_switch8)
    ald_cmu_clock_config                     0x000005d1   Thumb Code   838  ald_cmu.o(i.ald_cmu_clock_config)
    ald_cmu_clock_config_default             0x00000931   Thumb Code   108  ald_cmu.o(i.ald_cmu_clock_config_default)
    ald_cmu_get_sys_clock                    0x000009a9   Thumb Code    20  ald_cmu.o(i.ald_cmu_get_sys_clock)
    ald_cmu_init                             0x000009c5   Thumb Code    14  utils.o(i.ald_cmu_init)
    ald_cmu_irq_cbk                          0x000009d3   Thumb Code     2  ald_cmu.o(i.ald_cmu_irq_cbk)
    ald_cmu_irq_handler                      0x000009d5   Thumb Code   472  ald_cmu.o(i.ald_cmu_irq_handler)
    ald_gpio_exti_clear_flag_status          0x00000bc5   Thumb Code     6  ald_gpio.o(i.ald_gpio_exti_clear_flag_status)
    ald_gpio_exti_get_flag_status            0x00000bd1   Thumb Code    20  ald_gpio.o(i.ald_gpio_exti_get_flag_status)
    ald_gpio_exti_init                       0x00000be9   Thumb Code   286  ald_gpio.o(i.ald_gpio_exti_init)
    ald_gpio_exti_interrupt_config           0x00000d15   Thumb Code   142  ald_gpio.o(i.ald_gpio_exti_interrupt_config)
    ald_gpio_init                            0x00000dad   Thumb Code   204  ald_gpio.o(i.ald_gpio_init)
    ald_gpio_toggle_pin                      0x00000e79   Thumb Code     4  ald_gpio.o(i.ald_gpio_toggle_pin)
    ald_inc_tick                             0x00000e7d   Thumb Code    12  utils.o(i.ald_inc_tick)
    ald_inc_tick_weak                        0x00000e89   Thumb Code    12  utils.o(i.ald_inc_tick_weak)
    ald_mcu_irq_config                       0x00000e99   Thumb Code   100  utils.o(i.ald_mcu_irq_config)
    ald_systick_irq_cbk                      0x00000f01   Thumb Code     2  utils.o(i.ald_systick_irq_cbk)
    ald_tick_init                            0x00000f03   Thumb Code    40  utils.o(i.ald_tick_init)
    bsp_RunPer10ms                           0x00000f2b   Thumb Code     2  bsp.o(i.bsp_RunPer10ms)
    bsp_RunPer1ms                            0x00000f2d   Thumb Code     2  bsp.o(i.bsp_RunPer1ms)
    bsp_init                                 0x00000f2f   Thumb Code    24  bsp.o(i.bsp_init)
    bsp_init_timer                           0x00000f49   Thumb Code   108  bsp_timer.o(i.bsp_init_timer)
    bsp_initkey                              0x00000fc5   Thumb Code   124  bsp_key.o(i.bsp_initkey)
    main                                     0x00001085   Thumb Code     8  main_1.o(i.main)
    out_gpio_init                            0x0000108d   Thumb Code    88  bsp_gpio.o(i.out_gpio_init)
    toggle_pin                               0x000010ed   Thumb Code    16  bsp_gpio.o(i.toggle_pin)
    Region$$Table$$Base                      0x0000110c   Number         0  anon$$obj.o(Region$$Table)
    Region$$Table$$Limit                     0x0000112c   Number         0  anon$$obj.o(Region$$Table)
    getruntime                               0x20000000   Data           4  bsp_timer.o(.data)
    __system_clock                           0x20000010   Data           4  ald_cmu.o(.data)
    __systick_interval                       0x20000018   Data           4  utils.o(.data)
    __libspace_start                         0x2000004c   Data          96  libspace.o(.bss)
    __temporary_stack_top$libspace           0x200000ac   Data           0  libspace.o(.bss)



==============================================================================

Memory Map of the image

  Image Entry point : 0x000000c1

  Load Region LR_IROM1 (Base: 0x00000000, Size: 0x00001148, Max: 0x00040000, ABSOLUTE)

    Execution Region ER_IROM1 (Exec base: 0x00000000, Load base: 0x00000000, Size: 0x0000112c, Max: 0x00040000, ABSOLUTE)

    Exec Addr    Load Addr    Size         Type   Attr      Idx    E Section Name        Object

    0x00000000   0x00000000   0x000000c0   Data   RO         1189    RESET               startup_es32f065x.o
    0x000000c0   0x000000c0   0x00000008   Code   RO         1202  * !!!main             c_p.l(__main.o)
    0x000000c8   0x000000c8   0x0000003c   Code   RO         1371    !!!scatter          c_p.l(__scatter.o)
    0x00000104   0x00000104   0x0000001a   Code   RO         1373    !!handler_copy      c_p.l(__scatter_copy.o)
    0x0000011e   0x0000011e   0x00000002   PAD
    0x00000120   0x00000120   0x0000001c   Code   RO         1375    !!handler_zi        c_p.l(__scatter_zi.o)
    0x0000013c   0x0000013c   0x00000002   Code   RO         1240    .ARM.Collect$$libinit$$00000000  c_p.l(libinit.o)
    0x0000013e   0x0000013e   0x00000000   Code   RO         1254    .ARM.Collect$$libinit$$00000002  c_p.l(libinit2.o)
    0x0000013e   0x0000013e   0x00000000   Code   RO         1256    .ARM.Collect$$libinit$$00000004  c_p.l(libinit2.o)
    0x0000013e   0x0000013e   0x00000000   Code   RO         1259    .ARM.Collect$$libinit$$0000000A  c_p.l(libinit2.o)
    0x0000013e   0x0000013e   0x00000000   Code   RO         1261    .ARM.Collect$$libinit$$0000000C  c_p.l(libinit2.o)
    0x0000013e   0x0000013e   0x00000000   Code   RO         1263    .ARM.Collect$$libinit$$0000000E  c_p.l(libinit2.o)
    0x0000013e   0x0000013e   0x00000000   Code   RO         1266    .ARM.Collect$$libinit$$00000011  c_p.l(libinit2.o)
    0x0000013e   0x0000013e   0x00000000   Code   RO         1268    .ARM.Collect$$libinit$$00000013  c_p.l(libinit2.o)
    0x0000013e   0x0000013e   0x00000000   Code   RO         1270    .ARM.Collect$$libinit$$00000015  c_p.l(libinit2.o)
    0x0000013e   0x0000013e   0x00000000   Code   RO         1272    .ARM.Collect$$libinit$$00000017  c_p.l(libinit2.o)
    0x0000013e   0x0000013e   0x00000000   Code   RO         1274    .ARM.Collect$$libinit$$00000019  c_p.l(libinit2.o)
    0x0000013e   0x0000013e   0x00000000   Code   RO         1276    .ARM.Collect$$libinit$$0000001B  c_p.l(libinit2.o)
    0x0000013e   0x0000013e   0x00000000   Code   RO         1278    .ARM.Collect$$libinit$$0000001D  c_p.l(libinit2.o)
    0x0000013e   0x0000013e   0x00000000   Code   RO         1280    .ARM.Collect$$libinit$$0000001F  c_p.l(libinit2.o)
    0x0000013e   0x0000013e   0x00000000   Code   RO         1282    .ARM.Collect$$libinit$$00000021  c_p.l(libinit2.o)
    0x0000013e   0x0000013e   0x00000000   Code   RO         1284    .ARM.Collect$$libinit$$00000023  c_p.l(libinit2.o)
    0x0000013e   0x0000013e   0x00000000   Code   RO         1286    .ARM.Collect$$libinit$$00000025  c_p.l(libinit2.o)
    0x0000013e   0x0000013e   0x00000000   Code   RO         1290    .ARM.Collect$$libinit$$0000002C  c_p.l(libinit2.o)
    0x0000013e   0x0000013e   0x00000000   Code   RO         1292    .ARM.Collect$$libinit$$0000002E  c_p.l(libinit2.o)
    0x0000013e   0x0000013e   0x00000000   Code   RO         1294    .ARM.Collect$$libinit$$00000030  c_p.l(libinit2.o)
    0x0000013e   0x0000013e   0x00000000   Code   RO         1296    .ARM.Collect$$libinit$$00000032  c_p.l(libinit2.o)
    0x0000013e   0x0000013e   0x00000002   Code   RO         1297    .ARM.Collect$$libinit$$00000033  c_p.l(libinit2.o)
    0x00000140   0x00000140   0x00000002   Code   RO         1328    .ARM.Collect$$libshutdown$$00000000  c_p.l(libshutdown.o)
    0x00000142   0x00000142   0x00000000   Code   RO         1354    .ARM.Collect$$libshutdown$$00000002  c_p.l(libshutdown2.o)
    0x00000142   0x00000142   0x00000000   Code   RO         1356    .ARM.Collect$$libshutdown$$00000004  c_p.l(libshutdown2.o)
    0x00000142   0x00000142   0x00000000   Code   RO         1359    .ARM.Collect$$libshutdown$$00000007  c_p.l(libshutdown2.o)
    0x00000142   0x00000142   0x00000000   Code   RO         1362    .ARM.Collect$$libshutdown$$0000000A  c_p.l(libshutdown2.o)
    0x00000142   0x00000142   0x00000000   Code   RO         1364    .ARM.Collect$$libshutdown$$0000000C  c_p.l(libshutdown2.o)
    0x00000142   0x00000142   0x00000000   Code   RO         1367    .ARM.Collect$$libshutdown$$0000000F  c_p.l(libshutdown2.o)
    0x00000142   0x00000142   0x00000002   Code   RO         1368    .ARM.Collect$$libshutdown$$00000010  c_p.l(libshutdown2.o)
    0x00000144   0x00000144   0x00000000   Code   RO         1204    .ARM.Collect$$rtentry$$00000000  c_p.l(__rtentry.o)
    0x00000144   0x00000144   0x00000000   Code   RO         1210    .ARM.Collect$$rtentry$$00000002  c_p.l(__rtentry2.o)
    0x00000144   0x00000144   0x00000006   Code   RO         1222    .ARM.Collect$$rtentry$$00000004  c_p.l(__rtentry4.o)
    0x0000014a   0x0000014a   0x00000000   Code   RO         1212    .ARM.Collect$$rtentry$$00000009  c_p.l(__rtentry2.o)
    0x0000014a   0x0000014a   0x00000004   Code   RO         1213    .ARM.Collect$$rtentry$$0000000A  c_p.l(__rtentry2.o)
    0x0000014e   0x0000014e   0x00000000   Code   RO         1215    .ARM.Collect$$rtentry$$0000000C  c_p.l(__rtentry2.o)
    0x0000014e   0x0000014e   0x00000008   Code   RO         1216    .ARM.Collect$$rtentry$$0000000D  c_p.l(__rtentry2.o)
    0x00000156   0x00000156   0x00000002   Code   RO         1245    .ARM.Collect$$rtexit$$00000000  c_p.l(rtexit.o)
    0x00000158   0x00000158   0x00000000   Code   RO         1301    .ARM.Collect$$rtexit$$00000002  c_p.l(rtexit2.o)
    0x00000158   0x00000158   0x00000004   Code   RO         1302    .ARM.Collect$$rtexit$$00000003  c_p.l(rtexit2.o)
    0x0000015c   0x0000015c   0x00000006   Code   RO         1303    .ARM.Collect$$rtexit$$00000004  c_p.l(rtexit2.o)
    0x00000162   0x00000162   0x0000015a   Code   RO         1196    .text               c_p.l(aeabi_sdiv.o)
    0x000002bc   0x000002bc   0x00000006   Code   RO         1200    .text               c_p.l(heapauxi.o)
    0x000002c2   0x000002c2   0x0000003e   Code   RO         1226    .text               c_p.l(sys_stackheap_outer.o)
    0x00000300   0x00000300   0x00000010   Code   RO         1229    .text               c_p.l(exit.o)
    0x00000310   0x00000310   0x00000008   Code   RO         1241    .text               c_p.l(libspace.o)
    0x00000318   0x00000318   0x0000000c   Code   RO         1298    .text               c_p.l(sys_exit.o)
    0x00000324   0x00000324   0x00000002   Code   RO         1317    .text               c_p.l(use_no_semi.o)
    0x00000326   0x00000326   0x00000000   Code   RO         1319    .text               c_p.l(indicate_semi.o)
    0x00000326   0x00000326   0x00000002   PAD
    0x00000328   0x00000328   0x00000070   Code   RO         1190    INT                 startup_es32f065x.o
    0x00000398   0x00000398   0x00000008   Code   RO         1106    i.CMU_Handler       irq.o
    0x000003a0   0x000003a0   0x00000002   Code   RO         1107    i.DebugMon_Handler  irq.o
    0x000003a2   0x000003a2   0x00000002   PAD
    0x000003a4   0x000003a4   0x0000003c   Code   RO         1108    i.EXTI0_3_Handler   irq.o
    0x000003e0   0x000003e0   0x00000004   Code   RO         1109    i.HardFault_Handler  irq.o
    0x000003e4   0x000003e4   0x00000002   Code   RO         1110    i.NMI_Handler       irq.o
    0x000003e6   0x000003e6   0x00000002   Code   RO         1111    i.PendSV_Handler    irq.o
    0x000003e8   0x000003e8   0x00000002   Code   RO         1112    i.SVC_Handler       irq.o
    0x000003ea   0x000003ea   0x00000002   PAD
    0x000003ec   0x000003ec   0x00000034   Code   RO          959    i.SysTick_Config    utils.o
    0x00000420   0x00000420   0x0000000c   Code   RO          179    i.SysTick_Handler   bsp_timer.o
    0x0000042c   0x0000042c   0x00000088   Code   RO          180    i.SysTick_ISR       bsp_timer.o
    0x000004b4   0x000004b4   0x00000010   Code   RO            3    i.SystemClock_Config  bsp.o
    0x000004c4   0x000004c4   0x0000001c   Code   RO          540    i.__ARM_common_switch8  ald_cmu.o
    0x000004e0   0x000004e0   0x00000078   Code   RO          181    i.__NVIC_SetPriority  bsp_timer.o
    0x00000558   0x00000558   0x00000078   Code   RO          960    i.__NVIC_SetPriority  utils.o
    0x000005d0   0x000005d0   0x00000360   Code   RO          387    i.ald_cmu_clock_config  ald_cmu.o
    0x00000930   0x00000930   0x00000078   Code   RO          388    i.ald_cmu_clock_config_default  ald_cmu.o
    0x000009a8   0x000009a8   0x0000001c   Code   RO          395    i.ald_cmu_get_sys_clock  ald_cmu.o
    0x000009c4   0x000009c4   0x0000000e   Code   RO          961    i.ald_cmu_init      utils.o
    0x000009d2   0x000009d2   0x00000002   Code   RO          397    i.ald_cmu_irq_cbk   ald_cmu.o
    0x000009d4   0x000009d4   0x000001f0   Code   RO          398    i.ald_cmu_irq_handler  ald_cmu.o
    0x00000bc4   0x00000bc4   0x0000000c   Code   RO          632    i.ald_gpio_exti_clear_flag_status  ald_gpio.o
    0x00000bd0   0x00000bd0   0x00000018   Code   RO          633    i.ald_gpio_exti_get_flag_status  ald_gpio.o
    0x00000be8   0x00000be8   0x0000012c   Code   RO          634    i.ald_gpio_exti_init  ald_gpio.o
    0x00000d14   0x00000d14   0x00000098   Code   RO          635    i.ald_gpio_exti_interrupt_config  ald_gpio.o
    0x00000dac   0x00000dac   0x000000cc   Code   RO          637    i.ald_gpio_init     ald_gpio.o
    0x00000e78   0x00000e78   0x00000004   Code   RO          643    i.ald_gpio_toggle_pin  ald_gpio.o
    0x00000e7c   0x00000e7c   0x0000000c   Code   RO          965    i.ald_inc_tick      utils.o
    0x00000e88   0x00000e88   0x00000010   Code   RO          966    i.ald_inc_tick_weak  utils.o
    0x00000e98   0x00000e98   0x00000068   Code   RO          969    i.ald_mcu_irq_config  utils.o
    0x00000f00   0x00000f00   0x00000002   Code   RO          973    i.ald_systick_irq_cbk  utils.o
    0x00000f02   0x00000f02   0x00000028   Code   RO          974    i.ald_tick_init     utils.o
    0x00000f2a   0x00000f2a   0x00000002   Code   RO            4    i.bsp_RunPer10ms    bsp.o
    0x00000f2c   0x00000f2c   0x00000002   Code   RO            5    i.bsp_RunPer1ms     bsp.o
    0x00000f2e   0x00000f2e   0x00000018   Code   RO            7    i.bsp_init          bsp.o
    0x00000f46   0x00000f46   0x00000002   PAD
    0x00000f48   0x00000f48   0x0000007c   Code   RO          188    i.bsp_init_timer    bsp_timer.o
    0x00000fc4   0x00000fc4   0x00000080   Code   RO          155    i.bsp_initkey       bsp_key.o
    0x00001044   0x00001044   0x00000020   Code   RO          189    i.bsp_softtimerdec  bsp_timer.o
    0x00001064   0x00001064   0x00000020   Code   RO          408    i.cmu_clock_update  ald_cmu.o
    0x00001084   0x00001084   0x00000008   Code   RO         1082    i.main              main_1.o
    0x0000108c   0x0000108c   0x00000060   Code   RO          111    i.out_gpio_init     bsp_gpio.o
    0x000010ec   0x000010ec   0x00000010   Code   RO          114    i.toggle_pin        bsp_gpio.o
    0x000010fc   0x000010fc   0x00000010   Data   RO          115    .constdata          bsp_gpio.o
    0x0000110c   0x0000110c   0x00000020   Data   RO         1369    Region$$Table       anon$$obj.o


    Execution Region RW_IRAM1 (Exec base: 0x20000000, Load base: 0x0000112c, Size: 0x000004b0, Max: 0x00008000, ABSOLUTE)

    Exec Addr    Load Addr    Size         Type   Attr      Idx    E Section Name        Object

    0x20000000   0x0000112c   0x0000000e   Data   RW          194    .data               bsp_timer.o
    0x2000000e   0x0000113a   0x00000002   PAD
    0x20000010   0x0000113c   0x00000004   Data   RW          409    .data               ald_cmu.o
    0x20000014   0x00001140   0x00000008   Data   RW          976    .data               utils.o
    0x2000001c        -       0x00000030   Zero   RW          193    .bss                bsp_timer.o
    0x2000004c        -       0x00000060   Zero   RW         1242    .bss                c_p.l(libspace.o)
    0x200000ac   0x00001148   0x00000004   PAD
    0x200000b0        -       0x00000000   Zero   RW         1188    HEAP                startup_es32f065x.o
    0x200000b0        -       0x00000400   Zero   RW         1187    STACK               startup_es32f065x.o


==============================================================================

Image component sizes


      Code (inc. data)   RO Data    RW Data    ZI Data      Debug   Object Name

      1570         88          0          4          0       4099   ald_cmu.o
       696         34          0          0          0       4254   ald_gpio.o
        44          4          0          0          0     181457   bsp.o
       112          8         16          0          0       1509   bsp_gpio.o
       128          4          0          0          0        494   bsp_key.o
       424         52          0         14         48      10114   bsp_timer.o
        80          4          0          0          0       2552   irq.o
         8          0          0          0          0        383   main_1.o
       112         22        192          0       1024       2084   startup_es32f065x.o
       360         26          0          8          0      11838   utils.o

    ----------------------------------------------------------------------
      3540        242        240         28       1072     218784   Object Totals
         0          0         32          0          0          0   (incl. Generated)
         6          0          0          2          0          0   (incl. Padding)

    ----------------------------------------------------------------------

      Code (inc. data)   RO Data    RW Data    ZI Data      Debug   Library Member Name

         8          0          0          0          0         68   __main.o
         0          0          0          0          0          0   __rtentry.o
        12          0          0          0          0          0   __rtentry2.o
         6          0          0          0          0          0   __rtentry4.o
        60          8          0          0          0          0   __scatter.o
        26          0          0          0          0          0   __scatter_copy.o
        28          0          0          0          0          0   __scatter_zi.o
       346          0          0          0          0         92   aeabi_sdiv.o
        16          0          0          0          0         68   exit.o
         6          0          0          0          0        136   heapauxi.o
         0          0          0          0          0          0   indicate_semi.o
         2          0          0          0          0          0   libinit.o
         2          0          0          0          0          0   libinit2.o
         2          0          0          0          0          0   libshutdown.o
         2          0          0          0          0          0   libshutdown2.o
         8          4          0          0         96         68   libspace.o
         2          0          0          0          0          0   rtexit.o
        10          0          0          0          0          0   rtexit2.o
        12          4          0          0          0         60   sys_exit.o
        62          0          0          0          0         80   sys_stackheap_outer.o
         2          0          0          0          0         68   use_no_semi.o

    ----------------------------------------------------------------------
       616         16          0          0        100        640   Library Totals
         4          0          0          0          4          0   (incl. Padding)

    ----------------------------------------------------------------------

      Code (inc. data)   RO Data    RW Data    ZI Data      Debug   Library Name

       612         16          0          0         96        640   c_p.l

    ----------------------------------------------------------------------
       616         16          0          0        100        640   Library Totals

    ----------------------------------------------------------------------

==============================================================================


      Code (inc. data)   RO Data    RW Data    ZI Data      Debug   

      4156        258        240         28       1172     217608   Grand Totals
      4156        258        240         28       1172     217608   ELF Image Totals
      4156        258        240         28          0          0   ROM Totals

==============================================================================

    Total RO  Size (Code + RO Data)                 4396 (   4.29kB)
    Total RW  Size (RW Data + ZI Data)              1200 (   1.17kB)
    Total ROM Size (Code + RO Data + RW Data)       4424 (   4.32kB)

==============================================================================

