<html>
<body>
<pre>
<h1>µVision Build Log</h1>
<h2>Tool Versions:</h2>
IDE-Version: ¦ÌVision V5.29.0.0
Copyright (C) 2019 ARM Ltd and ARM Germany GmbH. All rights reserved.
License Information:  ,  , LIC=LJWP0-B755J-WKPB8-3CJEZ-00QQG-TEN7I
 
Tool Versions:
Toolchain:       MDK-ARM Professional  Version: 5.29.0.0
Toolchain Path:  D:\MDK5.29\ARM\ARMCC\Bin
C Compiler:      Armcc.exe V5.06 update 6 (build 750)
Assembler:       Armasm.exe V5.06 update 6 (build 750)
Linker/Locator:  ArmLink.exe V5.06 update 6 (build 750)
Library Manager: ArmAr.exe V5.06 update 6 (build 750)
Hex Converter:   FromElf.exe V5.06 update 6 (build 750)
CPU DLL:         SARMCM3.DLL V5.29.0.0
Dialog DLL:      DARMCM1.DLL V1.19.2.0
Target DLL:      CMSIS_AGDI.dll V1.32.0.0
Dialog DLL:      TARMCM1.DLL V1.14.1.0
 
<h2>Project:</h2>
C:\Users\Ye\Desktop\ES32F0654\Project\ES320F654.uvprojx
Project File Date:  05/04/2020

<h2>Output:</h2>
*** Using Compiler 'V5.06 update 6 (build 750)', folder: 'D:\MDK5.29\ARM\ARMCC\Bin'
Rebuild target 'Target 1'
compiling ald_cmu.c...
compiling bsp.c...
compiling ald_crc.c...
compiling ald_crypt.c...
compiling ald_calc.c...
compiling ald_acmp.c...
compiling ald_can.c...
compiling bsp_key.c...
compiling ald_adc.c...
compiling ald_bkpc.c...
compiling bsp_timer.c...
compiling bsp_gpio.c...
compiling ald_dma.c...
compiling ald_flash.c...
compiling ald_flash_ext.c...
compiling ald_iap.c...
compiling ald_i2c.c...
compiling ald_gpio.c...
compiling ald_pis.c...
compiling ald_pmu.c...
compiling ald_rmu.c...
compiling ald_rtc.c...
compiling ald_spi.c...
compiling ald_smartcard.c...
compiling ald_trng.c...
compiling ald_timer.c...
assembling startup_es32f065x.s...
compiling ald_tsense.c...
compiling ald_uart.c...
compiling ald_wdt.c...
compiling ald_usart.c...
compiling system_es32f065x.c...
compiling main.c...
..\APP\main.c(5): warning:  #177-D: variable "keycode"  was declared but never referenced
  	uint8_t keycode;		/* °´¼ü´úÂë */
..\APP\main.c: 1 warning, 0 errors
compiling utils.c...
compiling irq.c...
linking...
Program Size: Code=4160 RO-data=240 RW-data=28 ZI-data=1172  
".\Objects\ES320F654.axf" - 0 Error(s), 1 Warning(s).

<h2>Software Packages used:</h2>

Package Vendor: Eastsoft
                http://www.essemi.com/Eastsoft.ES32_DFP.1.0.6.pack
                Eastsoft.ES32_DFP.1.0.6
                Eastsoft ES32F0 Series Device Support, Drivers and Examples

<h2>Collection of Component include folders:</h2>
  .\RTE\_Target_1
  D:\MDK5.29\Eastsoft\ES32_DFP\1.0.6\Device\Include

<h2>Collection of Component Files used:</h2>
Build Time Elapsed:  00:00:03
</pre>
</body>
</html>
